

================================================================
== Vivado HLS Report for 'relu_ap_fixed_16_6_5_3_0_ap_fixed_16_6_5_3_0_relu_config4_s'
================================================================
* Date:           Wed Jun  4 15:05:23 2025

* Version:        2020.1 (Build 2897737 on Wed May 27 20:21:37 MDT 2020)
* Project:        myproject_prj
* Solution:       solution1
* Product family: zynq
* Target device:  xc7z020-clg400-1


================================================================
== Performance Estimates
================================================================
+ Timing: 
    * Summary: 
    +--------+---------+----------+------------+
    |  Clock |  Target | Estimated| Uncertainty|
    +--------+---------+----------+------------+
    |ap_clk  | 5.00 ns | 3.183 ns |   0.62 ns  |
    +--------+---------+----------+------------+

+ Latency: 
    * Summary: 
    +---------+---------+----------+----------+-----+-----+----------+
    |  Latency (cycles) |  Latency (absolute) |  Interval | Pipeline |
    |   min   |   max   |    min   |    max   | min | max |   Type   |
    +---------+---------+----------+----------+-----+-----+----------+
    |        0|        0|   0 ns   |   0 ns   |    1|    1| function |
    +---------+---------+----------+----------+-----+-----+----------+

    + Detail: 
        * Instance: 
        N/A

        * Loop: 
        N/A



================================================================
== Utilization Estimates
================================================================
* Summary: 
+-----------------+---------+-------+--------+-------+-----+
|       Name      | BRAM_18K| DSP48E|   FF   |  LUT  | URAM|
+-----------------+---------+-------+--------+-------+-----+
|DSP              |        -|      -|       -|      -|    -|
|Expression       |        -|      -|       0|   1764|    -|
|FIFO             |        -|      -|       -|      -|    -|
|Instance         |        -|      -|       -|      -|    -|
|Memory           |        -|      -|       -|      -|    -|
|Multiplexer      |        -|      -|       -|      -|    -|
|Register         |        -|      -|       -|      -|    -|
+-----------------+---------+-------+--------+-------+-----+
|Total            |        0|      0|       0|   1764|    0|
+-----------------+---------+-------+--------+-------+-----+
|Available        |      280|    220|  106400|  53200|    0|
+-----------------+---------+-------+--------+-------+-----+
|Utilization (%)  |        0|      0|       0|      3|    0|
+-----------------+---------+-------+--------+-------+-----+

+ Detail: 
    * Instance: 
    N/A

    * DSP48E: 
    N/A

    * Memory: 
    N/A

    * FIFO: 
    N/A

    * Expression: 
    +---------------------------+----------+-------+---+----+------------+------------+
    |       Variable Name       | Operation| DSP48E| FF| LUT| Bitwidth P0| Bitwidth P1|
    +---------------------------+----------+-------+---+----+------------+------------+
    |icmp_ln1494_10_fu_742_p2   |   icmp   |      0|  0|  13|          16|           1|
    |icmp_ln1494_11_fu_764_p2   |   icmp   |      0|  0|  13|          16|           1|
    |icmp_ln1494_12_fu_786_p2   |   icmp   |      0|  0|  13|          16|           1|
    |icmp_ln1494_13_fu_808_p2   |   icmp   |      0|  0|  13|          16|           1|
    |icmp_ln1494_14_fu_830_p2   |   icmp   |      0|  0|  13|          16|           1|
    |icmp_ln1494_15_fu_852_p2   |   icmp   |      0|  0|  13|          16|           1|
    |icmp_ln1494_16_fu_874_p2   |   icmp   |      0|  0|  13|          16|           1|
    |icmp_ln1494_17_fu_896_p2   |   icmp   |      0|  0|  13|          16|           1|
    |icmp_ln1494_18_fu_918_p2   |   icmp   |      0|  0|  13|          16|           1|
    |icmp_ln1494_19_fu_940_p2   |   icmp   |      0|  0|  13|          16|           1|
    |icmp_ln1494_1_fu_544_p2    |   icmp   |      0|  0|  13|          16|           1|
    |icmp_ln1494_20_fu_962_p2   |   icmp   |      0|  0|  13|          16|           1|
    |icmp_ln1494_21_fu_984_p2   |   icmp   |      0|  0|  13|          16|           1|
    |icmp_ln1494_22_fu_1006_p2  |   icmp   |      0|  0|  13|          16|           1|
    |icmp_ln1494_23_fu_1028_p2  |   icmp   |      0|  0|  13|          16|           1|
    |icmp_ln1494_24_fu_1050_p2  |   icmp   |      0|  0|  13|          16|           1|
    |icmp_ln1494_25_fu_1072_p2  |   icmp   |      0|  0|  13|          16|           1|
    |icmp_ln1494_26_fu_1094_p2  |   icmp   |      0|  0|  13|          16|           1|
    |icmp_ln1494_27_fu_1116_p2  |   icmp   |      0|  0|  13|          16|           1|
    |icmp_ln1494_28_fu_1138_p2  |   icmp   |      0|  0|  13|          16|           1|
    |icmp_ln1494_29_fu_1160_p2  |   icmp   |      0|  0|  13|          16|           1|
    |icmp_ln1494_2_fu_566_p2    |   icmp   |      0|  0|  13|          16|           1|
    |icmp_ln1494_30_fu_1182_p2  |   icmp   |      0|  0|  13|          16|           1|
    |icmp_ln1494_31_fu_1204_p2  |   icmp   |      0|  0|  13|          16|           1|
    |icmp_ln1494_32_fu_1226_p2  |   icmp   |      0|  0|  13|          16|           1|
    |icmp_ln1494_33_fu_1248_p2  |   icmp   |      0|  0|  13|          16|           1|
    |icmp_ln1494_34_fu_1270_p2  |   icmp   |      0|  0|  13|          16|           1|
    |icmp_ln1494_35_fu_1292_p2  |   icmp   |      0|  0|  13|          16|           1|
    |icmp_ln1494_36_fu_1314_p2  |   icmp   |      0|  0|  13|          16|           1|
    |icmp_ln1494_37_fu_1336_p2  |   icmp   |      0|  0|  13|          16|           1|
    |icmp_ln1494_38_fu_1358_p2  |   icmp   |      0|  0|  13|          16|           1|
    |icmp_ln1494_39_fu_1380_p2  |   icmp   |      0|  0|  13|          16|           1|
    |icmp_ln1494_3_fu_588_p2    |   icmp   |      0|  0|  13|          16|           1|
    |icmp_ln1494_40_fu_1402_p2  |   icmp   |      0|  0|  13|          16|           1|
    |icmp_ln1494_41_fu_1424_p2  |   icmp   |      0|  0|  13|          16|           1|
    |icmp_ln1494_42_fu_1446_p2  |   icmp   |      0|  0|  13|          16|           1|
    |icmp_ln1494_43_fu_1468_p2  |   icmp   |      0|  0|  13|          16|           1|
    |icmp_ln1494_44_fu_1490_p2  |   icmp   |      0|  0|  13|          16|           1|
    |icmp_ln1494_45_fu_1512_p2  |   icmp   |      0|  0|  13|          16|           1|
    |icmp_ln1494_46_fu_1534_p2  |   icmp   |      0|  0|  13|          16|           1|
    |icmp_ln1494_47_fu_1556_p2  |   icmp   |      0|  0|  13|          16|           1|
    |icmp_ln1494_48_fu_1578_p2  |   icmp   |      0|  0|  13|          16|           1|
    |icmp_ln1494_49_fu_1600_p2  |   icmp   |      0|  0|  13|          16|           1|
    |icmp_ln1494_4_fu_610_p2    |   icmp   |      0|  0|  13|          16|           1|
    |icmp_ln1494_50_fu_1622_p2  |   icmp   |      0|  0|  13|          16|           1|
    |icmp_ln1494_51_fu_1644_p2  |   icmp   |      0|  0|  13|          16|           1|
    |icmp_ln1494_52_fu_1666_p2  |   icmp   |      0|  0|  13|          16|           1|
    |icmp_ln1494_53_fu_1688_p2  |   icmp   |      0|  0|  13|          16|           1|
    |icmp_ln1494_54_fu_1710_p2  |   icmp   |      0|  0|  13|          16|           1|
    |icmp_ln1494_55_fu_1732_p2  |   icmp   |      0|  0|  13|          16|           1|
    |icmp_ln1494_56_fu_1754_p2  |   icmp   |      0|  0|  13|          16|           1|
    |icmp_ln1494_57_fu_1776_p2  |   icmp   |      0|  0|  13|          16|           1|
    |icmp_ln1494_58_fu_1798_p2  |   icmp   |      0|  0|  13|          16|           1|
    |icmp_ln1494_59_fu_1820_p2  |   icmp   |      0|  0|  13|          16|           1|
    |icmp_ln1494_5_fu_632_p2    |   icmp   |      0|  0|  13|          16|           1|
    |icmp_ln1494_60_fu_1842_p2  |   icmp   |      0|  0|  13|          16|           1|
    |icmp_ln1494_61_fu_1864_p2  |   icmp   |      0|  0|  13|          16|           1|
    |icmp_ln1494_62_fu_1886_p2  |   icmp   |      0|  0|  13|          16|           1|
    |icmp_ln1494_6_fu_654_p2    |   icmp   |      0|  0|  13|          16|           1|
    |icmp_ln1494_7_fu_676_p2    |   icmp   |      0|  0|  13|          16|           1|
    |icmp_ln1494_8_fu_698_p2    |   icmp   |      0|  0|  13|          16|           1|
    |icmp_ln1494_9_fu_720_p2    |   icmp   |      0|  0|  13|          16|           1|
    |icmp_ln1494_fu_522_p2      |   icmp   |      0|  0|  13|          16|           1|
    |select_ln45_31_fu_554_p3   |  select  |      0|  0|  15|           1|          15|
    |select_ln45_32_fu_576_p3   |  select  |      0|  0|  15|           1|          15|
    |select_ln45_33_fu_598_p3   |  select  |      0|  0|  15|           1|          15|
    |select_ln45_34_fu_620_p3   |  select  |      0|  0|  15|           1|          15|
    |select_ln45_35_fu_642_p3   |  select  |      0|  0|  15|           1|          15|
    |select_ln45_36_fu_664_p3   |  select  |      0|  0|  15|           1|          15|
    |select_ln45_37_fu_686_p3   |  select  |      0|  0|  15|           1|          15|
    |select_ln45_38_fu_708_p3   |  select  |      0|  0|  15|           1|          15|
    |select_ln45_39_fu_730_p3   |  select  |      0|  0|  15|           1|          15|
    |select_ln45_40_fu_752_p3   |  select  |      0|  0|  15|           1|          15|
    |select_ln45_41_fu_774_p3   |  select  |      0|  0|  15|           1|          15|
    |select_ln45_42_fu_796_p3   |  select  |      0|  0|  15|           1|          15|
    |select_ln45_43_fu_818_p3   |  select  |      0|  0|  15|           1|          15|
    |select_ln45_44_fu_840_p3   |  select  |      0|  0|  15|           1|          15|
    |select_ln45_45_fu_862_p3   |  select  |      0|  0|  15|           1|          15|
    |select_ln45_46_fu_884_p3   |  select  |      0|  0|  15|           1|          15|
    |select_ln45_47_fu_906_p3   |  select  |      0|  0|  15|           1|          15|
    |select_ln45_48_fu_928_p3   |  select  |      0|  0|  15|           1|          15|
    |select_ln45_49_fu_950_p3   |  select  |      0|  0|  15|           1|          15|
    |select_ln45_50_fu_972_p3   |  select  |      0|  0|  15|           1|          15|
    |select_ln45_51_fu_994_p3   |  select  |      0|  0|  15|           1|          15|
    |select_ln45_52_fu_1016_p3  |  select  |      0|  0|  15|           1|          15|
    |select_ln45_53_fu_1038_p3  |  select  |      0|  0|  15|           1|          15|
    |select_ln45_54_fu_1060_p3  |  select  |      0|  0|  15|           1|          15|
    |select_ln45_55_fu_1082_p3  |  select  |      0|  0|  15|           1|          15|
    |select_ln45_56_fu_1104_p3  |  select  |      0|  0|  15|           1|          15|
    |select_ln45_57_fu_1126_p3  |  select  |      0|  0|  15|           1|          15|
    |select_ln45_58_fu_1148_p3  |  select  |      0|  0|  15|           1|          15|
    |select_ln45_59_fu_1170_p3  |  select  |      0|  0|  15|           1|          15|
    |select_ln45_60_fu_1192_p3  |  select  |      0|  0|  15|           1|          15|
    |select_ln45_61_fu_1214_p3  |  select  |      0|  0|  15|           1|          15|
    |select_ln45_62_fu_1236_p3  |  select  |      0|  0|  15|           1|          15|
    |select_ln45_63_fu_1258_p3  |  select  |      0|  0|  15|           1|          15|
    |select_ln45_64_fu_1280_p3  |  select  |      0|  0|  15|           1|          15|
    |select_ln45_65_fu_1302_p3  |  select  |      0|  0|  15|           1|          15|
    |select_ln45_66_fu_1324_p3  |  select  |      0|  0|  15|           1|          15|
    |select_ln45_67_fu_1346_p3  |  select  |      0|  0|  15|           1|          15|
    |select_ln45_68_fu_1368_p3  |  select  |      0|  0|  15|           1|          15|
    |select_ln45_69_fu_1390_p3  |  select  |      0|  0|  15|           1|          15|
    |select_ln45_70_fu_1412_p3  |  select  |      0|  0|  15|           1|          15|
    |select_ln45_71_fu_1434_p3  |  select  |      0|  0|  15|           1|          15|
    |select_ln45_72_fu_1456_p3  |  select  |      0|  0|  15|           1|          15|
    |select_ln45_73_fu_1478_p3  |  select  |      0|  0|  15|           1|          15|
    |select_ln45_74_fu_1500_p3  |  select  |      0|  0|  15|           1|          15|
    |select_ln45_75_fu_1522_p3  |  select  |      0|  0|  15|           1|          15|
    |select_ln45_76_fu_1544_p3  |  select  |      0|  0|  15|           1|          15|
    |select_ln45_77_fu_1566_p3  |  select  |      0|  0|  15|           1|          15|
    |select_ln45_78_fu_1588_p3  |  select  |      0|  0|  15|           1|          15|
    |select_ln45_79_fu_1610_p3  |  select  |      0|  0|  15|           1|          15|
    |select_ln45_80_fu_1632_p3  |  select  |      0|  0|  15|           1|          15|
    |select_ln45_81_fu_1654_p3  |  select  |      0|  0|  15|           1|          15|
    |select_ln45_82_fu_1676_p3  |  select  |      0|  0|  15|           1|          15|
    |select_ln45_83_fu_1698_p3  |  select  |      0|  0|  15|           1|          15|
    |select_ln45_84_fu_1720_p3  |  select  |      0|  0|  15|           1|          15|
    |select_ln45_85_fu_1742_p3  |  select  |      0|  0|  15|           1|          15|
    |select_ln45_86_fu_1764_p3  |  select  |      0|  0|  15|           1|          15|
    |select_ln45_87_fu_1786_p3  |  select  |      0|  0|  15|           1|          15|
    |select_ln45_88_fu_1808_p3  |  select  |      0|  0|  15|           1|          15|
    |select_ln45_89_fu_1830_p3  |  select  |      0|  0|  15|           1|          15|
    |select_ln45_90_fu_1852_p3  |  select  |      0|  0|  15|           1|          15|
    |select_ln45_91_fu_1874_p3  |  select  |      0|  0|  15|           1|          15|
    |select_ln45_92_fu_1896_p3  |  select  |      0|  0|  15|           1|          15|
    |select_ln45_fu_532_p3      |  select  |      0|  0|  15|           1|          15|
    +---------------------------+----------+-------+---+----+------------+------------+
    |Total                      |          |      0|  0|1764|        1071|        1008|
    +---------------------------+----------+-------+---+----+------------+------------+

    * Multiplexer: 
    N/A

    * Register: 
    N/A



================================================================
== Interface
================================================================
* Summary: 
+----------------+-----+-----+------------+------------------------------------------------------------------------+--------------+
|    RTL Ports   | Dir | Bits|  Protocol  |                              Source Object                             |    C Type    |
+----------------+-----+-----+------------+------------------------------------------------------------------------+--------------+
|ap_ready        | out |    1| ap_ctrl_hs | relu<ap_fixed<16, 6, 5, 3, 0>, ap_fixed<16, 6, 5, 3, 0>, relu_config4> | return value |
|ap_return_0     | out |   16| ap_ctrl_hs | relu<ap_fixed<16, 6, 5, 3, 0>, ap_fixed<16, 6, 5, 3, 0>, relu_config4> | return value |
|ap_return_1     | out |   16| ap_ctrl_hs | relu<ap_fixed<16, 6, 5, 3, 0>, ap_fixed<16, 6, 5, 3, 0>, relu_config4> | return value |
|ap_return_2     | out |   16| ap_ctrl_hs | relu<ap_fixed<16, 6, 5, 3, 0>, ap_fixed<16, 6, 5, 3, 0>, relu_config4> | return value |
|ap_return_3     | out |   16| ap_ctrl_hs | relu<ap_fixed<16, 6, 5, 3, 0>, ap_fixed<16, 6, 5, 3, 0>, relu_config4> | return value |
|ap_return_4     | out |   16| ap_ctrl_hs | relu<ap_fixed<16, 6, 5, 3, 0>, ap_fixed<16, 6, 5, 3, 0>, relu_config4> | return value |
|ap_return_5     | out |   16| ap_ctrl_hs | relu<ap_fixed<16, 6, 5, 3, 0>, ap_fixed<16, 6, 5, 3, 0>, relu_config4> | return value |
|ap_return_6     | out |   16| ap_ctrl_hs | relu<ap_fixed<16, 6, 5, 3, 0>, ap_fixed<16, 6, 5, 3, 0>, relu_config4> | return value |
|ap_return_7     | out |   16| ap_ctrl_hs | relu<ap_fixed<16, 6, 5, 3, 0>, ap_fixed<16, 6, 5, 3, 0>, relu_config4> | return value |
|ap_return_8     | out |   16| ap_ctrl_hs | relu<ap_fixed<16, 6, 5, 3, 0>, ap_fixed<16, 6, 5, 3, 0>, relu_config4> | return value |
|ap_return_9     | out |   16| ap_ctrl_hs | relu<ap_fixed<16, 6, 5, 3, 0>, ap_fixed<16, 6, 5, 3, 0>, relu_config4> | return value |
|ap_return_10    | out |   16| ap_ctrl_hs | relu<ap_fixed<16, 6, 5, 3, 0>, ap_fixed<16, 6, 5, 3, 0>, relu_config4> | return value |
|ap_return_11    | out |   16| ap_ctrl_hs | relu<ap_fixed<16, 6, 5, 3, 0>, ap_fixed<16, 6, 5, 3, 0>, relu_config4> | return value |
|ap_return_12    | out |   16| ap_ctrl_hs | relu<ap_fixed<16, 6, 5, 3, 0>, ap_fixed<16, 6, 5, 3, 0>, relu_config4> | return value |
|ap_return_13    | out |   16| ap_ctrl_hs | relu<ap_fixed<16, 6, 5, 3, 0>, ap_fixed<16, 6, 5, 3, 0>, relu_config4> | return value |
|ap_return_14    | out |   16| ap_ctrl_hs | relu<ap_fixed<16, 6, 5, 3, 0>, ap_fixed<16, 6, 5, 3, 0>, relu_config4> | return value |
|ap_return_15    | out |   16| ap_ctrl_hs | relu<ap_fixed<16, 6, 5, 3, 0>, ap_fixed<16, 6, 5, 3, 0>, relu_config4> | return value |
|ap_return_16    | out |   16| ap_ctrl_hs | relu<ap_fixed<16, 6, 5, 3, 0>, ap_fixed<16, 6, 5, 3, 0>, relu_config4> | return value |
|ap_return_17    | out |   16| ap_ctrl_hs | relu<ap_fixed<16, 6, 5, 3, 0>, ap_fixed<16, 6, 5, 3, 0>, relu_config4> | return value |
|ap_return_18    | out |   16| ap_ctrl_hs | relu<ap_fixed<16, 6, 5, 3, 0>, ap_fixed<16, 6, 5, 3, 0>, relu_config4> | return value |
|ap_return_19    | out |   16| ap_ctrl_hs | relu<ap_fixed<16, 6, 5, 3, 0>, ap_fixed<16, 6, 5, 3, 0>, relu_config4> | return value |
|ap_return_20    | out |   16| ap_ctrl_hs | relu<ap_fixed<16, 6, 5, 3, 0>, ap_fixed<16, 6, 5, 3, 0>, relu_config4> | return value |
|ap_return_21    | out |   16| ap_ctrl_hs | relu<ap_fixed<16, 6, 5, 3, 0>, ap_fixed<16, 6, 5, 3, 0>, relu_config4> | return value |
|ap_return_22    | out |   16| ap_ctrl_hs | relu<ap_fixed<16, 6, 5, 3, 0>, ap_fixed<16, 6, 5, 3, 0>, relu_config4> | return value |
|ap_return_23    | out |   16| ap_ctrl_hs | relu<ap_fixed<16, 6, 5, 3, 0>, ap_fixed<16, 6, 5, 3, 0>, relu_config4> | return value |
|ap_return_24    | out |   16| ap_ctrl_hs | relu<ap_fixed<16, 6, 5, 3, 0>, ap_fixed<16, 6, 5, 3, 0>, relu_config4> | return value |
|ap_return_25    | out |   16| ap_ctrl_hs | relu<ap_fixed<16, 6, 5, 3, 0>, ap_fixed<16, 6, 5, 3, 0>, relu_config4> | return value |
|ap_return_26    | out |   16| ap_ctrl_hs | relu<ap_fixed<16, 6, 5, 3, 0>, ap_fixed<16, 6, 5, 3, 0>, relu_config4> | return value |
|ap_return_27    | out |   16| ap_ctrl_hs | relu<ap_fixed<16, 6, 5, 3, 0>, ap_fixed<16, 6, 5, 3, 0>, relu_config4> | return value |
|ap_return_28    | out |   16| ap_ctrl_hs | relu<ap_fixed<16, 6, 5, 3, 0>, ap_fixed<16, 6, 5, 3, 0>, relu_config4> | return value |
|ap_return_29    | out |   16| ap_ctrl_hs | relu<ap_fixed<16, 6, 5, 3, 0>, ap_fixed<16, 6, 5, 3, 0>, relu_config4> | return value |
|ap_return_30    | out |   16| ap_ctrl_hs | relu<ap_fixed<16, 6, 5, 3, 0>, ap_fixed<16, 6, 5, 3, 0>, relu_config4> | return value |
|ap_return_31    | out |   16| ap_ctrl_hs | relu<ap_fixed<16, 6, 5, 3, 0>, ap_fixed<16, 6, 5, 3, 0>, relu_config4> | return value |
|ap_return_32    | out |   16| ap_ctrl_hs | relu<ap_fixed<16, 6, 5, 3, 0>, ap_fixed<16, 6, 5, 3, 0>, relu_config4> | return value |
|ap_return_33    | out |   16| ap_ctrl_hs | relu<ap_fixed<16, 6, 5, 3, 0>, ap_fixed<16, 6, 5, 3, 0>, relu_config4> | return value |
|ap_return_34    | out |   16| ap_ctrl_hs | relu<ap_fixed<16, 6, 5, 3, 0>, ap_fixed<16, 6, 5, 3, 0>, relu_config4> | return value |
|ap_return_35    | out |   16| ap_ctrl_hs | relu<ap_fixed<16, 6, 5, 3, 0>, ap_fixed<16, 6, 5, 3, 0>, relu_config4> | return value |
|ap_return_36    | out |   16| ap_ctrl_hs | relu<ap_fixed<16, 6, 5, 3, 0>, ap_fixed<16, 6, 5, 3, 0>, relu_config4> | return value |
|ap_return_37    | out |   16| ap_ctrl_hs | relu<ap_fixed<16, 6, 5, 3, 0>, ap_fixed<16, 6, 5, 3, 0>, relu_config4> | return value |
|ap_return_38    | out |   16| ap_ctrl_hs | relu<ap_fixed<16, 6, 5, 3, 0>, ap_fixed<16, 6, 5, 3, 0>, relu_config4> | return value |
|ap_return_39    | out |   16| ap_ctrl_hs | relu<ap_fixed<16, 6, 5, 3, 0>, ap_fixed<16, 6, 5, 3, 0>, relu_config4> | return value |
|ap_return_40    | out |   16| ap_ctrl_hs | relu<ap_fixed<16, 6, 5, 3, 0>, ap_fixed<16, 6, 5, 3, 0>, relu_config4> | return value |
|ap_return_41    | out |   16| ap_ctrl_hs | relu<ap_fixed<16, 6, 5, 3, 0>, ap_fixed<16, 6, 5, 3, 0>, relu_config4> | return value |
|ap_return_42    | out |   16| ap_ctrl_hs | relu<ap_fixed<16, 6, 5, 3, 0>, ap_fixed<16, 6, 5, 3, 0>, relu_config4> | return value |
|ap_return_43    | out |   16| ap_ctrl_hs | relu<ap_fixed<16, 6, 5, 3, 0>, ap_fixed<16, 6, 5, 3, 0>, relu_config4> | return value |
|ap_return_44    | out |   16| ap_ctrl_hs | relu<ap_fixed<16, 6, 5, 3, 0>, ap_fixed<16, 6, 5, 3, 0>, relu_config4> | return value |
|ap_return_45    | out |   16| ap_ctrl_hs | relu<ap_fixed<16, 6, 5, 3, 0>, ap_fixed<16, 6, 5, 3, 0>, relu_config4> | return value |
|ap_return_46    | out |   16| ap_ctrl_hs | relu<ap_fixed<16, 6, 5, 3, 0>, ap_fixed<16, 6, 5, 3, 0>, relu_config4> | return value |
|ap_return_47    | out |   16| ap_ctrl_hs | relu<ap_fixed<16, 6, 5, 3, 0>, ap_fixed<16, 6, 5, 3, 0>, relu_config4> | return value |
|ap_return_48    | out |   16| ap_ctrl_hs | relu<ap_fixed<16, 6, 5, 3, 0>, ap_fixed<16, 6, 5, 3, 0>, relu_config4> | return value |
|ap_return_49    | out |   16| ap_ctrl_hs | relu<ap_fixed<16, 6, 5, 3, 0>, ap_fixed<16, 6, 5, 3, 0>, relu_config4> | return value |
|ap_return_50    | out |   16| ap_ctrl_hs | relu<ap_fixed<16, 6, 5, 3, 0>, ap_fixed<16, 6, 5, 3, 0>, relu_config4> | return value |
|ap_return_51    | out |   16| ap_ctrl_hs | relu<ap_fixed<16, 6, 5, 3, 0>, ap_fixed<16, 6, 5, 3, 0>, relu_config4> | return value |
|ap_return_52    | out |   16| ap_ctrl_hs | relu<ap_fixed<16, 6, 5, 3, 0>, ap_fixed<16, 6, 5, 3, 0>, relu_config4> | return value |
|ap_return_53    | out |   16| ap_ctrl_hs | relu<ap_fixed<16, 6, 5, 3, 0>, ap_fixed<16, 6, 5, 3, 0>, relu_config4> | return value |
|ap_return_54    | out |   16| ap_ctrl_hs | relu<ap_fixed<16, 6, 5, 3, 0>, ap_fixed<16, 6, 5, 3, 0>, relu_config4> | return value |
|ap_return_55    | out |   16| ap_ctrl_hs | relu<ap_fixed<16, 6, 5, 3, 0>, ap_fixed<16, 6, 5, 3, 0>, relu_config4> | return value |
|ap_return_56    | out |   16| ap_ctrl_hs | relu<ap_fixed<16, 6, 5, 3, 0>, ap_fixed<16, 6, 5, 3, 0>, relu_config4> | return value |
|ap_return_57    | out |   16| ap_ctrl_hs | relu<ap_fixed<16, 6, 5, 3, 0>, ap_fixed<16, 6, 5, 3, 0>, relu_config4> | return value |
|ap_return_58    | out |   16| ap_ctrl_hs | relu<ap_fixed<16, 6, 5, 3, 0>, ap_fixed<16, 6, 5, 3, 0>, relu_config4> | return value |
|ap_return_59    | out |   16| ap_ctrl_hs | relu<ap_fixed<16, 6, 5, 3, 0>, ap_fixed<16, 6, 5, 3, 0>, relu_config4> | return value |
|ap_return_60    | out |   16| ap_ctrl_hs | relu<ap_fixed<16, 6, 5, 3, 0>, ap_fixed<16, 6, 5, 3, 0>, relu_config4> | return value |
|ap_return_61    | out |   16| ap_ctrl_hs | relu<ap_fixed<16, 6, 5, 3, 0>, ap_fixed<16, 6, 5, 3, 0>, relu_config4> | return value |
|ap_return_62    | out |   16| ap_ctrl_hs | relu<ap_fixed<16, 6, 5, 3, 0>, ap_fixed<16, 6, 5, 3, 0>, relu_config4> | return value |
|data_0_V_read   |  in |   16|   ap_none  |                              data_0_V_read                             |    scalar    |
|data_1_V_read   |  in |   16|   ap_none  |                              data_1_V_read                             |    scalar    |
|data_2_V_read   |  in |   16|   ap_none  |                              data_2_V_read                             |    scalar    |
|data_3_V_read   |  in |   16|   ap_none  |                              data_3_V_read                             |    scalar    |
|data_4_V_read   |  in |   16|   ap_none  |                              data_4_V_read                             |    scalar    |
|data_5_V_read   |  in |   16|   ap_none  |                              data_5_V_read                             |    scalar    |
|data_6_V_read   |  in |   16|   ap_none  |                              data_6_V_read                             |    scalar    |
|data_7_V_read   |  in |   16|   ap_none  |                              data_7_V_read                             |    scalar    |
|data_8_V_read   |  in |   16|   ap_none  |                              data_8_V_read                             |    scalar    |
|data_9_V_read   |  in |   16|   ap_none  |                              data_9_V_read                             |    scalar    |
|data_10_V_read  |  in |   16|   ap_none  |                             data_10_V_read                             |    scalar    |
|data_11_V_read  |  in |   16|   ap_none  |                             data_11_V_read                             |    scalar    |
|data_12_V_read  |  in |   16|   ap_none  |                             data_12_V_read                             |    scalar    |
|data_13_V_read  |  in |   16|   ap_none  |                             data_13_V_read                             |    scalar    |
|data_14_V_read  |  in |   16|   ap_none  |                             data_14_V_read                             |    scalar    |
|data_15_V_read  |  in |   16|   ap_none  |                             data_15_V_read                             |    scalar    |
|data_16_V_read  |  in |   16|   ap_none  |                             data_16_V_read                             |    scalar    |
|data_17_V_read  |  in |   16|   ap_none  |                             data_17_V_read                             |    scalar    |
|data_18_V_read  |  in |   16|   ap_none  |                             data_18_V_read                             |    scalar    |
|data_19_V_read  |  in |   16|   ap_none  |                             data_19_V_read                             |    scalar    |
|data_20_V_read  |  in |   16|   ap_none  |                             data_20_V_read                             |    scalar    |
|data_21_V_read  |  in |   16|   ap_none  |                             data_21_V_read                             |    scalar    |
|data_22_V_read  |  in |   16|   ap_none  |                             data_22_V_read                             |    scalar    |
|data_23_V_read  |  in |   16|   ap_none  |                             data_23_V_read                             |    scalar    |
|data_24_V_read  |  in |   16|   ap_none  |                             data_24_V_read                             |    scalar    |
|data_25_V_read  |  in |   16|   ap_none  |                             data_25_V_read                             |    scalar    |
|data_26_V_read  |  in |   16|   ap_none  |                             data_26_V_read                             |    scalar    |
|data_27_V_read  |  in |   16|   ap_none  |                             data_27_V_read                             |    scalar    |
|data_28_V_read  |  in |   16|   ap_none  |                             data_28_V_read                             |    scalar    |
|data_29_V_read  |  in |   16|   ap_none  |                             data_29_V_read                             |    scalar    |
|data_30_V_read  |  in |   16|   ap_none  |                             data_30_V_read                             |    scalar    |
|data_31_V_read  |  in |   16|   ap_none  |                             data_31_V_read                             |    scalar    |
|data_32_V_read  |  in |   16|   ap_none  |                             data_32_V_read                             |    scalar    |
|data_33_V_read  |  in |   16|   ap_none  |                             data_33_V_read                             |    scalar    |
|data_34_V_read  |  in |   16|   ap_none  |                             data_34_V_read                             |    scalar    |
|data_35_V_read  |  in |   16|   ap_none  |                             data_35_V_read                             |    scalar    |
|data_36_V_read  |  in |   16|   ap_none  |                             data_36_V_read                             |    scalar    |
|data_37_V_read  |  in |   16|   ap_none  |                             data_37_V_read                             |    scalar    |
|data_38_V_read  |  in |   16|   ap_none  |                             data_38_V_read                             |    scalar    |
|data_39_V_read  |  in |   16|   ap_none  |                             data_39_V_read                             |    scalar    |
|data_40_V_read  |  in |   16|   ap_none  |                             data_40_V_read                             |    scalar    |
|data_41_V_read  |  in |   16|   ap_none  |                             data_41_V_read                             |    scalar    |
|data_42_V_read  |  in |   16|   ap_none  |                             data_42_V_read                             |    scalar    |
|data_43_V_read  |  in |   16|   ap_none  |                             data_43_V_read                             |    scalar    |
|data_44_V_read  |  in |   16|   ap_none  |                             data_44_V_read                             |    scalar    |
|data_45_V_read  |  in |   16|   ap_none  |                             data_45_V_read                             |    scalar    |
|data_46_V_read  |  in |   16|   ap_none  |                             data_46_V_read                             |    scalar    |
|data_47_V_read  |  in |   16|   ap_none  |                             data_47_V_read                             |    scalar    |
|data_48_V_read  |  in |   16|   ap_none  |                             data_48_V_read                             |    scalar    |
|data_49_V_read  |  in |   16|   ap_none  |                             data_49_V_read                             |    scalar    |
|data_51_V_read  |  in |   16|   ap_none  |                             data_51_V_read                             |    scalar    |
|data_52_V_read  |  in |   16|   ap_none  |                             data_52_V_read                             |    scalar    |
|data_53_V_read  |  in |   16|   ap_none  |                             data_53_V_read                             |    scalar    |
|data_54_V_read  |  in |   16|   ap_none  |                             data_54_V_read                             |    scalar    |
|data_55_V_read  |  in |   16|   ap_none  |                             data_55_V_read                             |    scalar    |
|data_56_V_read  |  in |   16|   ap_none  |                             data_56_V_read                             |    scalar    |
|data_57_V_read  |  in |   16|   ap_none  |                             data_57_V_read                             |    scalar    |
|data_58_V_read  |  in |   16|   ap_none  |                             data_58_V_read                             |    scalar    |
|data_59_V_read  |  in |   16|   ap_none  |                             data_59_V_read                             |    scalar    |
|data_60_V_read  |  in |   16|   ap_none  |                             data_60_V_read                             |    scalar    |
|data_61_V_read  |  in |   16|   ap_none  |                             data_61_V_read                             |    scalar    |
|data_62_V_read  |  in |   16|   ap_none  |                             data_62_V_read                             |    scalar    |
|data_63_V_read  |  in |   16|   ap_none  |                             data_63_V_read                             |    scalar    |
+----------------+-----+-----+------------+------------------------------------------------------------------------+--------------+

