

================================================================
== Vivado HLS Report for 'relu_ap_fixed_16_6_5_3_0_ap_fixed_16_6_5_3_0_relu_config7_s'
================================================================
* Date:           Wed Jun  4 15:05:37 2025

* Version:        2020.1 (Build 2897737 on Wed May 27 20:21:37 MDT 2020)
* Project:        myproject_prj
* Solution:       solution1
* Product family: zynq
* Target device:  xc7z020-clg400-1


================================================================
== Performance Estimates
================================================================
+ Timing: 
    * Summary: 
    +--------+---------+----------+------------+
    |  Clock |  Target | Estimated| Uncertainty|
    +--------+---------+----------+------------+
    |ap_clk  | 5.00 ns | 3.183 ns |   0.62 ns  |
    +--------+---------+----------+------------+

+ Latency: 
    * Summary: 
    +---------+---------+----------+----------+-----+-----+----------+
    |  Latency (cycles) |  Latency (absolute) |  Interval | Pipeline |
    |   min   |   max   |    min   |    max   | min | max |   Type   |
    +---------+---------+----------+----------+-----+-----+----------+
    |        0|        0|   0 ns   |   0 ns   |    1|    1| function |
    +---------+---------+----------+----------+-----+-----+----------+

    + Detail: 
        * Instance: 
        N/A

        * Loop: 
        N/A



================================================================
== Utilization Estimates
================================================================
* Summary: 
+-----------------+---------+-------+--------+-------+-----+
|       Name      | BRAM_18K| DSP48E|   FF   |  LUT  | URAM|
+-----------------+---------+-------+--------+-------+-----+
|DSP              |        -|      -|       -|      -|    -|
|Expression       |        -|      -|       0|    868|    -|
|FIFO             |        -|      -|       -|      -|    -|
|Instance         |        -|      -|       -|      -|    -|
|Memory           |        -|      -|       -|      -|    -|
|Multiplexer      |        -|      -|       -|      -|    -|
|Register         |        -|      -|       -|      -|    -|
+-----------------+---------+-------+--------+-------+-----+
|Total            |        0|      0|       0|    868|    0|
+-----------------+---------+-------+--------+-------+-----+
|Available        |      280|    220|  106400|  53200|    0|
+-----------------+---------+-------+--------+-------+-----+
|Utilization (%)  |        0|      0|       0|      1|    0|
+-----------------+---------+-------+--------+-------+-----+

+ Detail: 
    * Instance: 
    N/A

    * DSP48E: 
    N/A

    * Memory: 
    N/A

    * FIFO: 
    N/A

    * Expression: 
    +--------------------------+----------+-------+---+----+------------+------------+
    |       Variable Name      | Operation| DSP48E| FF| LUT| Bitwidth P0| Bitwidth P1|
    +--------------------------+----------+-------+---+----+------------+------------+
    |icmp_ln1494_10_fu_486_p2  |   icmp   |      0|  0|  13|          16|           1|
    |icmp_ln1494_11_fu_508_p2  |   icmp   |      0|  0|  13|          16|           1|
    |icmp_ln1494_12_fu_530_p2  |   icmp   |      0|  0|  13|          16|           1|
    |icmp_ln1494_13_fu_552_p2  |   icmp   |      0|  0|  13|          16|           1|
    |icmp_ln1494_14_fu_574_p2  |   icmp   |      0|  0|  13|          16|           1|
    |icmp_ln1494_15_fu_596_p2  |   icmp   |      0|  0|  13|          16|           1|
    |icmp_ln1494_16_fu_618_p2  |   icmp   |      0|  0|  13|          16|           1|
    |icmp_ln1494_17_fu_640_p2  |   icmp   |      0|  0|  13|          16|           1|
    |icmp_ln1494_18_fu_662_p2  |   icmp   |      0|  0|  13|          16|           1|
    |icmp_ln1494_19_fu_684_p2  |   icmp   |      0|  0|  13|          16|           1|
    |icmp_ln1494_1_fu_288_p2   |   icmp   |      0|  0|  13|          16|           1|
    |icmp_ln1494_20_fu_706_p2  |   icmp   |      0|  0|  13|          16|           1|
    |icmp_ln1494_21_fu_728_p2  |   icmp   |      0|  0|  13|          16|           1|
    |icmp_ln1494_22_fu_750_p2  |   icmp   |      0|  0|  13|          16|           1|
    |icmp_ln1494_23_fu_772_p2  |   icmp   |      0|  0|  13|          16|           1|
    |icmp_ln1494_24_fu_794_p2  |   icmp   |      0|  0|  13|          16|           1|
    |icmp_ln1494_25_fu_816_p2  |   icmp   |      0|  0|  13|          16|           1|
    |icmp_ln1494_26_fu_838_p2  |   icmp   |      0|  0|  13|          16|           1|
    |icmp_ln1494_27_fu_860_p2  |   icmp   |      0|  0|  13|          16|           1|
    |icmp_ln1494_28_fu_882_p2  |   icmp   |      0|  0|  13|          16|           1|
    |icmp_ln1494_29_fu_904_p2  |   icmp   |      0|  0|  13|          16|           1|
    |icmp_ln1494_2_fu_310_p2   |   icmp   |      0|  0|  13|          16|           1|
    |icmp_ln1494_30_fu_926_p2  |   icmp   |      0|  0|  13|          16|           1|
    |icmp_ln1494_3_fu_332_p2   |   icmp   |      0|  0|  13|          16|           1|
    |icmp_ln1494_4_fu_354_p2   |   icmp   |      0|  0|  13|          16|           1|
    |icmp_ln1494_5_fu_376_p2   |   icmp   |      0|  0|  13|          16|           1|
    |icmp_ln1494_6_fu_398_p2   |   icmp   |      0|  0|  13|          16|           1|
    |icmp_ln1494_7_fu_420_p2   |   icmp   |      0|  0|  13|          16|           1|
    |icmp_ln1494_8_fu_442_p2   |   icmp   |      0|  0|  13|          16|           1|
    |icmp_ln1494_9_fu_464_p2   |   icmp   |      0|  0|  13|          16|           1|
    |icmp_ln1494_fu_266_p2     |   icmp   |      0|  0|  13|          16|           1|
    |select_ln45_10_fu_496_p3  |  select  |      0|  0|  15|           1|          15|
    |select_ln45_11_fu_518_p3  |  select  |      0|  0|  15|           1|          15|
    |select_ln45_12_fu_540_p3  |  select  |      0|  0|  15|           1|          15|
    |select_ln45_13_fu_562_p3  |  select  |      0|  0|  15|           1|          15|
    |select_ln45_14_fu_584_p3  |  select  |      0|  0|  15|           1|          15|
    |select_ln45_15_fu_606_p3  |  select  |      0|  0|  15|           1|          15|
    |select_ln45_16_fu_628_p3  |  select  |      0|  0|  15|           1|          15|
    |select_ln45_17_fu_650_p3  |  select  |      0|  0|  15|           1|          15|
    |select_ln45_18_fu_672_p3  |  select  |      0|  0|  15|           1|          15|
    |select_ln45_19_fu_694_p3  |  select  |      0|  0|  15|           1|          15|
    |select_ln45_1_fu_298_p3   |  select  |      0|  0|  15|           1|          15|
    |select_ln45_20_fu_716_p3  |  select  |      0|  0|  15|           1|          15|
    |select_ln45_21_fu_738_p3  |  select  |      0|  0|  15|           1|          15|
    |select_ln45_22_fu_760_p3  |  select  |      0|  0|  15|           1|          15|
    |select_ln45_23_fu_782_p3  |  select  |      0|  0|  15|           1|          15|
    |select_ln45_24_fu_804_p3  |  select  |      0|  0|  15|           1|          15|
    |select_ln45_25_fu_826_p3  |  select  |      0|  0|  15|           1|          15|
    |select_ln45_26_fu_848_p3  |  select  |      0|  0|  15|           1|          15|
    |select_ln45_27_fu_870_p3  |  select  |      0|  0|  15|           1|          15|
    |select_ln45_28_fu_892_p3  |  select  |      0|  0|  15|           1|          15|
    |select_ln45_29_fu_914_p3  |  select  |      0|  0|  15|           1|          15|
    |select_ln45_2_fu_320_p3   |  select  |      0|  0|  15|           1|          15|
    |select_ln45_30_fu_936_p3  |  select  |      0|  0|  15|           1|          15|
    |select_ln45_3_fu_342_p3   |  select  |      0|  0|  15|           1|          15|
    |select_ln45_4_fu_364_p3   |  select  |      0|  0|  15|           1|          15|
    |select_ln45_5_fu_386_p3   |  select  |      0|  0|  15|           1|          15|
    |select_ln45_6_fu_408_p3   |  select  |      0|  0|  15|           1|          15|
    |select_ln45_7_fu_430_p3   |  select  |      0|  0|  15|           1|          15|
    |select_ln45_8_fu_452_p3   |  select  |      0|  0|  15|           1|          15|
    |select_ln45_9_fu_474_p3   |  select  |      0|  0|  15|           1|          15|
    |select_ln45_fu_276_p3     |  select  |      0|  0|  15|           1|          15|
    +--------------------------+----------+-------+---+----+------------+------------+
    |Total                     |          |      0|  0| 868|         527|         496|
    +--------------------------+----------+-------+---+----+------------+------------+

    * Multiplexer: 
    N/A

    * Register: 
    N/A



================================================================
== Interface
================================================================
* Summary: 
+----------------+-----+-----+------------+------------------------------------------------------------------------+--------------+
|    RTL Ports   | Dir | Bits|  Protocol  |                              Source Object                             |    C Type    |
+----------------+-----+-----+------------+------------------------------------------------------------------------+--------------+
|ap_ready        | out |    1| ap_ctrl_hs | relu<ap_fixed<16, 6, 5, 3, 0>, ap_fixed<16, 6, 5, 3, 0>, relu_config7> | return value |
|ap_return_0     | out |   16| ap_ctrl_hs | relu<ap_fixed<16, 6, 5, 3, 0>, ap_fixed<16, 6, 5, 3, 0>, relu_config7> | return value |
|ap_return_1     | out |   16| ap_ctrl_hs | relu<ap_fixed<16, 6, 5, 3, 0>, ap_fixed<16, 6, 5, 3, 0>, relu_config7> | return value |
|ap_return_2     | out |   16| ap_ctrl_hs | relu<ap_fixed<16, 6, 5, 3, 0>, ap_fixed<16, 6, 5, 3, 0>, relu_config7> | return value |
|ap_return_3     | out |   16| ap_ctrl_hs | relu<ap_fixed<16, 6, 5, 3, 0>, ap_fixed<16, 6, 5, 3, 0>, relu_config7> | return value |
|ap_return_4     | out |   16| ap_ctrl_hs | relu<ap_fixed<16, 6, 5, 3, 0>, ap_fixed<16, 6, 5, 3, 0>, relu_config7> | return value |
|ap_return_5     | out |   16| ap_ctrl_hs | relu<ap_fixed<16, 6, 5, 3, 0>, ap_fixed<16, 6, 5, 3, 0>, relu_config7> | return value |
|ap_return_6     | out |   16| ap_ctrl_hs | relu<ap_fixed<16, 6, 5, 3, 0>, ap_fixed<16, 6, 5, 3, 0>, relu_config7> | return value |
|ap_return_7     | out |   16| ap_ctrl_hs | relu<ap_fixed<16, 6, 5, 3, 0>, ap_fixed<16, 6, 5, 3, 0>, relu_config7> | return value |
|ap_return_8     | out |   16| ap_ctrl_hs | relu<ap_fixed<16, 6, 5, 3, 0>, ap_fixed<16, 6, 5, 3, 0>, relu_config7> | return value |
|ap_return_9     | out |   16| ap_ctrl_hs | relu<ap_fixed<16, 6, 5, 3, 0>, ap_fixed<16, 6, 5, 3, 0>, relu_config7> | return value |
|ap_return_10    | out |   16| ap_ctrl_hs | relu<ap_fixed<16, 6, 5, 3, 0>, ap_fixed<16, 6, 5, 3, 0>, relu_config7> | return value |
|ap_return_11    | out |   16| ap_ctrl_hs | relu<ap_fixed<16, 6, 5, 3, 0>, ap_fixed<16, 6, 5, 3, 0>, relu_config7> | return value |
|ap_return_12    | out |   16| ap_ctrl_hs | relu<ap_fixed<16, 6, 5, 3, 0>, ap_fixed<16, 6, 5, 3, 0>, relu_config7> | return value |
|ap_return_13    | out |   16| ap_ctrl_hs | relu<ap_fixed<16, 6, 5, 3, 0>, ap_fixed<16, 6, 5, 3, 0>, relu_config7> | return value |
|ap_return_14    | out |   16| ap_ctrl_hs | relu<ap_fixed<16, 6, 5, 3, 0>, ap_fixed<16, 6, 5, 3, 0>, relu_config7> | return value |
|ap_return_15    | out |   16| ap_ctrl_hs | relu<ap_fixed<16, 6, 5, 3, 0>, ap_fixed<16, 6, 5, 3, 0>, relu_config7> | return value |
|ap_return_16    | out |   16| ap_ctrl_hs | relu<ap_fixed<16, 6, 5, 3, 0>, ap_fixed<16, 6, 5, 3, 0>, relu_config7> | return value |
|ap_return_17    | out |   16| ap_ctrl_hs | relu<ap_fixed<16, 6, 5, 3, 0>, ap_fixed<16, 6, 5, 3, 0>, relu_config7> | return value |
|ap_return_18    | out |   16| ap_ctrl_hs | relu<ap_fixed<16, 6, 5, 3, 0>, ap_fixed<16, 6, 5, 3, 0>, relu_config7> | return value |
|ap_return_19    | out |   16| ap_ctrl_hs | relu<ap_fixed<16, 6, 5, 3, 0>, ap_fixed<16, 6, 5, 3, 0>, relu_config7> | return value |
|ap_return_20    | out |   16| ap_ctrl_hs | relu<ap_fixed<16, 6, 5, 3, 0>, ap_fixed<16, 6, 5, 3, 0>, relu_config7> | return value |
|ap_return_21    | out |   16| ap_ctrl_hs | relu<ap_fixed<16, 6, 5, 3, 0>, ap_fixed<16, 6, 5, 3, 0>, relu_config7> | return value |
|ap_return_22    | out |   16| ap_ctrl_hs | relu<ap_fixed<16, 6, 5, 3, 0>, ap_fixed<16, 6, 5, 3, 0>, relu_config7> | return value |
|ap_return_23    | out |   16| ap_ctrl_hs | relu<ap_fixed<16, 6, 5, 3, 0>, ap_fixed<16, 6, 5, 3, 0>, relu_config7> | return value |
|ap_return_24    | out |   16| ap_ctrl_hs | relu<ap_fixed<16, 6, 5, 3, 0>, ap_fixed<16, 6, 5, 3, 0>, relu_config7> | return value |
|ap_return_25    | out |   16| ap_ctrl_hs | relu<ap_fixed<16, 6, 5, 3, 0>, ap_fixed<16, 6, 5, 3, 0>, relu_config7> | return value |
|ap_return_26    | out |   16| ap_ctrl_hs | relu<ap_fixed<16, 6, 5, 3, 0>, ap_fixed<16, 6, 5, 3, 0>, relu_config7> | return value |
|ap_return_27    | out |   16| ap_ctrl_hs | relu<ap_fixed<16, 6, 5, 3, 0>, ap_fixed<16, 6, 5, 3, 0>, relu_config7> | return value |
|ap_return_28    | out |   16| ap_ctrl_hs | relu<ap_fixed<16, 6, 5, 3, 0>, ap_fixed<16, 6, 5, 3, 0>, relu_config7> | return value |
|ap_return_29    | out |   16| ap_ctrl_hs | relu<ap_fixed<16, 6, 5, 3, 0>, ap_fixed<16, 6, 5, 3, 0>, relu_config7> | return value |
|ap_return_30    | out |   16| ap_ctrl_hs | relu<ap_fixed<16, 6, 5, 3, 0>, ap_fixed<16, 6, 5, 3, 0>, relu_config7> | return value |
|data_0_V_read   |  in |   16|   ap_none  |                              data_0_V_read                             |    scalar    |
|data_1_V_read   |  in |   16|   ap_none  |                              data_1_V_read                             |    scalar    |
|data_2_V_read   |  in |   16|   ap_none  |                              data_2_V_read                             |    scalar    |
|data_3_V_read   |  in |   16|   ap_none  |                              data_3_V_read                             |    scalar    |
|data_4_V_read   |  in |   16|   ap_none  |                              data_4_V_read                             |    scalar    |
|data_5_V_read   |  in |   16|   ap_none  |                              data_5_V_read                             |    scalar    |
|data_6_V_read   |  in |   16|   ap_none  |                              data_6_V_read                             |    scalar    |
|data_7_V_read   |  in |   16|   ap_none  |                              data_7_V_read                             |    scalar    |
|data_8_V_read   |  in |   16|   ap_none  |                              data_8_V_read                             |    scalar    |
|data_9_V_read   |  in |   16|   ap_none  |                              data_9_V_read                             |    scalar    |
|data_10_V_read  |  in |   16|   ap_none  |                             data_10_V_read                             |    scalar    |
|data_11_V_read  |  in |   16|   ap_none  |                             data_11_V_read                             |    scalar    |
|data_12_V_read  |  in |   16|   ap_none  |                             data_12_V_read                             |    scalar    |
|data_13_V_read  |  in |   16|   ap_none  |                             data_13_V_read                             |    scalar    |
|data_15_V_read  |  in |   16|   ap_none  |                             data_15_V_read                             |    scalar    |
|data_16_V_read  |  in |   16|   ap_none  |                             data_16_V_read                             |    scalar    |
|data_17_V_read  |  in |   16|   ap_none  |                             data_17_V_read                             |    scalar    |
|data_18_V_read  |  in |   16|   ap_none  |                             data_18_V_read                             |    scalar    |
|data_19_V_read  |  in |   16|   ap_none  |                             data_19_V_read                             |    scalar    |
|data_20_V_read  |  in |   16|   ap_none  |                             data_20_V_read                             |    scalar    |
|data_21_V_read  |  in |   16|   ap_none  |                             data_21_V_read                             |    scalar    |
|data_22_V_read  |  in |   16|   ap_none  |                             data_22_V_read                             |    scalar    |
|data_23_V_read  |  in |   16|   ap_none  |                             data_23_V_read                             |    scalar    |
|data_24_V_read  |  in |   16|   ap_none  |                             data_24_V_read                             |    scalar    |
|data_25_V_read  |  in |   16|   ap_none  |                             data_25_V_read                             |    scalar    |
|data_26_V_read  |  in |   16|   ap_none  |                             data_26_V_read                             |    scalar    |
|data_27_V_read  |  in |   16|   ap_none  |                             data_27_V_read                             |    scalar    |
|data_28_V_read  |  in |   16|   ap_none  |                             data_28_V_read                             |    scalar    |
|data_29_V_read  |  in |   16|   ap_none  |                             data_29_V_read                             |    scalar    |
|data_30_V_read  |  in |   16|   ap_none  |                             data_30_V_read                             |    scalar    |
|data_31_V_read  |  in |   16|   ap_none  |                             data_31_V_read                             |    scalar    |
+----------------+-----+-----+------------+------------------------------------------------------------------------+--------------+

