

================================================================
== Vivado HLS Report for 'myproject'
================================================================
* Date:           Wed Jun  4 15:25:56 2025

* Version:        2020.1 (Build 2897737 on Wed May 27 20:21:37 MDT 2020)
* Project:        myproject_prj
* Solution:       solution1
* Product family: zynq
* Target device:  xc7z020-clg400-1


================================================================
== Performance Estimates
================================================================
+ Timing: 
    * Summary: 
    +--------+---------+----------+------------+
    |  Clock |  Target | Estimated| Uncertainty|
    +--------+---------+----------+------------+
    |ap_clk  | 5.00 ns | 4.362 ns |   0.62 ns  |
    +--------+---------+----------+------------+

+ Latency: 
    * Summary: 
    +---------+---------+----------+----------+-----+-----+----------+
    |  Latency (cycles) |  Latency (absolute) |  Interval | Pipeline |
    |   min   |   max   |    min   |    max   | min | max |   Type   |
    +---------+---------+----------+----------+-----+-----+----------+
    |       39|       39| 0.195 us | 0.195 us |    1|    1| function |
    +---------+---------+----------+----------+-----+-----+----------+

    + Detail: 
        * Instance: 
        +----------------------------------------------------------------------------------------------+-----------------------------------------------------------------------------------+---------+---------+-----------+-----------+-----+-----+----------+
        |                                                                                              |                                                                                   |  Latency (cycles) |   Latency (absolute)  |  Interval | Pipeline |
        |                                           Instance                                           |                                       Module                                      |   min   |   max   |    min    |    max    | min | max |   Type   |
        +----------------------------------------------------------------------------------------------+-----------------------------------------------------------------------------------+---------+---------+-----------+-----------+-----+-----+----------+
        |grp_dense_latency_0_0_0_0_0_0_0_0_0_0_0_0_0_0_0_0_0_0_0_0_0_0_0_0_0_0_0_0_0_0_0_0_0_fu_97     |dense_latency_0_0_0_0_0_0_0_0_0_0_0_0_0_0_0_0_0_0_0_0_0_0_0_0_0_0_0_0_0_0_0_0_0    |        4|        4| 20.000 ns | 20.000 ns |    1|    1| function |
        |grp_dense_latency_0_0_0_0_0_0_0_0_0_0_0_0_0_0_0_0_0_0_0_0_0_0_0_0_0_0_0_0_0_0_0_0_0_s_fu_162  |dense_latency_0_0_0_0_0_0_0_0_0_0_0_0_0_0_0_0_0_0_0_0_0_0_0_0_0_0_0_0_0_0_0_0_0_s  |        4|        4| 20.000 ns | 20.000 ns |    1|    1| function |
        |grp_dense_latency_0_0_0_0_0_0_0_0_0_0_0_0_0_0_0_0_0_0_0_0_0_0_0_0_0_0_0_0_0_0_0_0_0_1_fu_168  |dense_latency_0_0_0_0_0_0_0_0_0_0_0_0_0_0_0_0_0_0_0_0_0_0_0_0_0_0_0_0_0_0_0_0_0_1  |        4|        4| 20.000 ns | 20.000 ns |    1|    1| function |
        |grp_relu_ap_fixed_27_12_5_3_0_ap_ufixed_6_0_4_0_0_relu_config4_s_fu_202                       |relu_ap_fixed_27_12_5_3_0_ap_ufixed_6_0_4_0_0_relu_config4_s                       |        1|        1|  5.000 ns |  5.000 ns |    1|    1| function |
        |call_ret3_relu_ap_fixed_19_8_5_3_0_ap_ufixed_6_0_4_0_0_relu_config7_s_fu_267                  |relu_ap_fixed_19_8_5_3_0_ap_ufixed_6_0_4_0_0_relu_config7_s                        |        0|        0|    0 ns   |    0 ns   |    1|    1| function |
        |call_ret5_relu_ap_fixed_18_7_5_3_0_ap_ufixed_6_0_4_0_0_relu_config10_s_fu_301                 |relu_ap_fixed_18_7_5_3_0_ap_ufixed_6_0_4_0_0_relu_config10_s                       |        0|        0|    0 ns   |    0 ns   |    1|    1| function |
        |grp_dense_latency_ap_ufixed_ap_fixed_18_7_5_3_0_config11_0_0_0_0_0_0_fu_332                   |dense_latency_ap_ufixed_ap_fixed_18_7_5_3_0_config11_0_0_0_0_0_0                   |        2|        2| 10.000 ns | 10.000 ns |    1|    1| function |
        |grp_softmax_stable_ap_fixed_ap_fixed_16_6_5_3_0_softmax_config13_s_fu_363                     |softmax_stable_ap_fixed_ap_fixed_16_6_5_3_0_softmax_config13_s                     |       13|       13| 65.000 ns | 65.000 ns |    1|    1| function |
        +----------------------------------------------------------------------------------------------+-----------------------------------------------------------------------------------+---------+---------+-----------+-----------+-----+-----+----------+

        * Loop: 
        N/A



================================================================
== Utilization Estimates
================================================================
* Summary: 
+-----------------+---------+-------+--------+-------+-----+
|       Name      | BRAM_18K| DSP48E|   FF   |  LUT  | URAM|
+-----------------+---------+-------+--------+-------+-----+
|DSP              |        -|      -|       -|      -|    -|
|Expression       |        -|      -|       0|      6|    -|
|FIFO             |        -|      -|       -|      -|    -|
|Instance         |        4|     25|   26576|  42812|    -|
|Memory           |        -|      -|       -|      -|    -|
|Multiplexer      |        -|      -|       -|     36|    -|
|Register         |        -|      -|    3799|      -|    -|
+-----------------+---------+-------+--------+-------+-----+
|Total            |        4|     25|   30375|  42854|    0|
+-----------------+---------+-------+--------+-------+-----+
|Available        |      280|    220|  106400|  53200|    0|
+-----------------+---------+-------+--------+-------+-----+
|Utilization (%)  |        1|     11|      28|     80|    0|
+-----------------+---------+-------+--------+-------+-----+

+ Detail: 
    * Instance: 
    +----------------------------------------------------------------------------------------------+-----------------------------------------------------------------------------------+---------+-------+-------+-------+-----+
    |                                           Instance                                           |                                       Module                                      | BRAM_18K| DSP48E|   FF  |  LUT  | URAM|
    +----------------------------------------------------------------------------------------------+-----------------------------------------------------------------------------------+---------+-------+-------+-------+-----+
    |grp_dense_latency_0_0_0_0_0_0_0_0_0_0_0_0_0_0_0_0_0_0_0_0_0_0_0_0_0_0_0_0_0_0_0_0_0_fu_97     |dense_latency_0_0_0_0_0_0_0_0_0_0_0_0_0_0_0_0_0_0_0_0_0_0_0_0_0_0_0_0_0_0_0_0_0    |        0|      0|   7374|  12704|    0|
    |grp_dense_latency_0_0_0_0_0_0_0_0_0_0_0_0_0_0_0_0_0_0_0_0_0_0_0_0_0_0_0_0_0_0_0_0_0_1_fu_168  |dense_latency_0_0_0_0_0_0_0_0_0_0_0_0_0_0_0_0_0_0_0_0_0_0_0_0_0_0_0_0_0_0_0_0_0_1  |        0|      0|   4327|   7566|    0|
    |grp_dense_latency_0_0_0_0_0_0_0_0_0_0_0_0_0_0_0_0_0_0_0_0_0_0_0_0_0_0_0_0_0_0_0_0_0_s_fu_162  |dense_latency_0_0_0_0_0_0_0_0_0_0_0_0_0_0_0_0_0_0_0_0_0_0_0_0_0_0_0_0_0_0_0_0_0_s  |        0|     20|  10509|   9341|    0|
    |grp_dense_latency_ap_ufixed_ap_fixed_18_7_5_3_0_config11_0_0_0_0_0_0_fu_332                   |dense_latency_ap_ufixed_ap_fixed_18_7_5_3_0_config11_0_0_0_0_0_0                   |        0|      0|    718|   1247|    0|
    |call_ret5_relu_ap_fixed_18_7_5_3_0_ap_ufixed_6_0_4_0_0_relu_config10_s_fu_301                 |relu_ap_fixed_18_7_5_3_0_ap_ufixed_6_0_4_0_0_relu_config10_s                       |        0|      0|      0|   2322|    0|
    |call_ret3_relu_ap_fixed_19_8_5_3_0_ap_ufixed_6_0_4_0_0_relu_config7_s_fu_267                  |relu_ap_fixed_19_8_5_3_0_ap_ufixed_6_0_4_0_0_relu_config7_s                        |        0|      0|      0|   2580|    0|
    |grp_relu_ap_fixed_27_12_5_3_0_ap_ufixed_6_0_4_0_0_relu_config4_s_fu_202                       |relu_ap_fixed_27_12_5_3_0_ap_ufixed_6_0_4_0_0_relu_config4_s                       |        0|      0|   2502|   6161|    0|
    |grp_softmax_stable_ap_fixed_ap_fixed_16_6_5_3_0_softmax_config13_s_fu_363                     |softmax_stable_ap_fixed_ap_fixed_16_6_5_3_0_softmax_config13_s                     |        4|      5|   1146|    891|    0|
    +----------------------------------------------------------------------------------------------+-----------------------------------------------------------------------------------+---------+-------+-------+-------+-----+
    |Total                                                                                         |                                                                                   |        4|     25|  26576|  42812|    0|
    +----------------------------------------------------------------------------------------------+-----------------------------------------------------------------------------------+---------+-------+-------+-------+-----+

    * DSP48E: 
    N/A

    * Memory: 
    N/A

    * FIFO: 
    N/A

    * Expression: 
    +----------------------------------+----------+-------+---+----+------------+------------+
    |           Variable Name          | Operation| DSP48E| FF| LUT| Bitwidth P0| Bitwidth P1|
    +----------------------------------+----------+-------+---+----+------------+------------+
    |ap_block_pp0_stage0_01001         |    and   |      0|  0|   2|           1|           1|
    |ap_block_state1_pp0_stage0_iter0  |    or    |      0|  0|   2|           1|           1|
    |ap_enable_pp0                     |    xor   |      0|  0|   2|           1|           2|
    +----------------------------------+----------+-------+---+----+------------+------------+
    |Total                             |          |      0|  0|   6|           3|           4|
    +----------------------------------+----------+-------+---+----+------------+------------+

    * Multiplexer: 
    +---------------------------+----+-----------+-----+-----------+
    |            Name           | LUT| Input Size| Bits| Total Bits|
    +---------------------------+----+-----------+-----+-----------+
    |fc1_input_V_ap_vld_in_sig  |   9|          2|    1|          2|
    |fc1_input_V_ap_vld_preg    |   9|          2|    1|          2|
    |fc1_input_V_blk_n          |   9|          2|    1|          2|
    |fc1_input_V_in_sig         |   9|          2|  256|        512|
    +---------------------------+----+-----------+-----+-----------+
    |Total                      |  36|          8|  259|        518|
    +---------------------------+----+-----------+-----+-----------+

    * Register: 
    +----------------------------------------------------------------------------------------+-----+----+-----+-----------+
    |                                          Name                                          |  FF | LUT| Bits| Const Bits|
    +----------------------------------------------------------------------------------------+-----+----+-----+-----------+
    |ap_CS_fsm                                                                               |    1|   0|    1|          0|
    |ap_enable_reg_pp0_iter1                                                                 |    1|   0|    1|          0|
    |ap_enable_reg_pp0_iter10                                                                |    1|   0|    1|          0|
    |ap_enable_reg_pp0_iter11                                                                |    1|   0|    1|          0|
    |ap_enable_reg_pp0_iter12                                                                |    1|   0|    1|          0|
    |ap_enable_reg_pp0_iter13                                                                |    1|   0|    1|          0|
    |ap_enable_reg_pp0_iter14                                                                |    1|   0|    1|          0|
    |ap_enable_reg_pp0_iter15                                                                |    1|   0|    1|          0|
    |ap_enable_reg_pp0_iter16                                                                |    1|   0|    1|          0|
    |ap_enable_reg_pp0_iter17                                                                |    1|   0|    1|          0|
    |ap_enable_reg_pp0_iter18                                                                |    1|   0|    1|          0|
    |ap_enable_reg_pp0_iter19                                                                |    1|   0|    1|          0|
    |ap_enable_reg_pp0_iter2                                                                 |    1|   0|    1|          0|
    |ap_enable_reg_pp0_iter20                                                                |    1|   0|    1|          0|
    |ap_enable_reg_pp0_iter21                                                                |    1|   0|    1|          0|
    |ap_enable_reg_pp0_iter22                                                                |    1|   0|    1|          0|
    |ap_enable_reg_pp0_iter23                                                                |    1|   0|    1|          0|
    |ap_enable_reg_pp0_iter24                                                                |    1|   0|    1|          0|
    |ap_enable_reg_pp0_iter25                                                                |    1|   0|    1|          0|
    |ap_enable_reg_pp0_iter26                                                                |    1|   0|    1|          0|
    |ap_enable_reg_pp0_iter27                                                                |    1|   0|    1|          0|
    |ap_enable_reg_pp0_iter28                                                                |    1|   0|    1|          0|
    |ap_enable_reg_pp0_iter29                                                                |    1|   0|    1|          0|
    |ap_enable_reg_pp0_iter3                                                                 |    1|   0|    1|          0|
    |ap_enable_reg_pp0_iter30                                                                |    1|   0|    1|          0|
    |ap_enable_reg_pp0_iter31                                                                |    1|   0|    1|          0|
    |ap_enable_reg_pp0_iter32                                                                |    1|   0|    1|          0|
    |ap_enable_reg_pp0_iter33                                                                |    1|   0|    1|          0|
    |ap_enable_reg_pp0_iter34                                                                |    1|   0|    1|          0|
    |ap_enable_reg_pp0_iter35                                                                |    1|   0|    1|          0|
    |ap_enable_reg_pp0_iter36                                                                |    1|   0|    1|          0|
    |ap_enable_reg_pp0_iter37                                                                |    1|   0|    1|          0|
    |ap_enable_reg_pp0_iter38                                                                |    1|   0|    1|          0|
    |ap_enable_reg_pp0_iter39                                                                |    1|   0|    1|          0|
    |ap_enable_reg_pp0_iter4                                                                 |    1|   0|    1|          0|
    |ap_enable_reg_pp0_iter5                                                                 |    1|   0|    1|          0|
    |ap_enable_reg_pp0_iter6                                                                 |    1|   0|    1|          0|
    |ap_enable_reg_pp0_iter7                                                                 |    1|   0|    1|          0|
    |ap_enable_reg_pp0_iter8                                                                 |    1|   0|    1|          0|
    |ap_enable_reg_pp0_iter9                                                                 |    1|   0|    1|          0|
    |fc1_input_V_ap_vld_preg                                                                 |    1|   0|    1|          0|
    |fc1_input_V_preg                                                                        |  256|   0|  256|          0|
    |grp_softmax_stable_ap_fixed_ap_fixed_16_6_5_3_0_softmax_config13_s_fu_363_ap_start_reg  |    1|   0|    1|          0|
    |layer10_out_0_V_reg_2415                                                                |    6|   0|    6|          0|
    |layer10_out_10_V_reg_2460                                                               |    6|   0|    6|          0|
    |layer10_out_11_V_reg_2465                                                               |    6|   0|    6|          0|
    |layer10_out_12_V_reg_2470                                                               |    6|   0|    6|          0|
    |layer10_out_14_V_reg_2475                                                               |    6|   0|    6|          0|
    |layer10_out_15_V_reg_2480                                                               |    6|   0|    6|          0|
    |layer10_out_16_V_reg_2485                                                               |    6|   0|    6|          0|
    |layer10_out_17_V_reg_2490                                                               |    6|   0|    6|          0|
    |layer10_out_18_V_reg_2495                                                               |    6|   0|    6|          0|
    |layer10_out_19_V_reg_2500                                                               |    6|   0|    6|          0|
    |layer10_out_1_V_reg_2420                                                                |    6|   0|    6|          0|
    |layer10_out_20_V_reg_2505                                                               |    6|   0|    6|          0|
    |layer10_out_21_V_reg_2510                                                               |    6|   0|    6|          0|
    |layer10_out_23_V_reg_2515                                                               |    6|   0|    6|          0|
    |layer10_out_24_V_reg_2520                                                               |    6|   0|    6|          0|
    |layer10_out_25_V_reg_2525                                                               |    6|   0|    6|          0|
    |layer10_out_26_V_reg_2530                                                               |    6|   0|    6|          0|
    |layer10_out_29_V_reg_2535                                                               |    6|   0|    6|          0|
    |layer10_out_30_V_reg_2540                                                               |    6|   0|    6|          0|
    |layer10_out_31_V_reg_2545                                                               |    6|   0|    6|          0|
    |layer10_out_3_V_reg_2425                                                                |    6|   0|    6|          0|
    |layer10_out_4_V_reg_2430                                                                |    6|   0|    6|          0|
    |layer10_out_5_V_reg_2435                                                                |    6|   0|    6|          0|
    |layer10_out_6_V_reg_2440                                                                |    6|   0|    6|          0|
    |layer10_out_7_V_reg_2445                                                                |    6|   0|    6|          0|
    |layer10_out_8_V_reg_2450                                                                |    6|   0|    6|          0|
    |layer10_out_9_V_reg_2455                                                                |    6|   0|    6|          0|
    |layer11_out_0_V_reg_2550                                                                |   18|   0|   18|          0|
    |layer11_out_1_V_reg_2555                                                                |   18|   0|   18|          0|
    |layer11_out_2_V_reg_2560                                                                |   18|   0|   18|          0|
    |layer11_out_3_V_reg_2565                                                                |   18|   0|   18|          0|
    |layer11_out_4_V_reg_2570                                                                |   18|   0|   18|          0|
    |layer2_out_0_V_reg_1370                                                                 |   27|   0|   27|          0|
    |layer2_out_10_V_reg_1420                                                                |   27|   0|   27|          0|
    |layer2_out_11_V_reg_1425                                                                |   27|   0|   27|          0|
    |layer2_out_12_V_reg_1430                                                                |   27|   0|   27|          0|
    |layer2_out_13_V_reg_1435                                                                |   27|   0|   27|          0|
    |layer2_out_14_V_reg_1440                                                                |   27|   0|   27|          0|
    |layer2_out_15_V_reg_1445                                                                |   27|   0|   27|          0|
    |layer2_out_16_V_reg_1450                                                                |   27|   0|   27|          0|
    |layer2_out_17_V_reg_1455                                                                |   27|   0|   27|          0|
    |layer2_out_18_V_reg_1460                                                                |   27|   0|   27|          0|
    |layer2_out_19_V_reg_1465                                                                |   27|   0|   27|          0|
    |layer2_out_1_V_reg_1375                                                                 |   27|   0|   27|          0|
    |layer2_out_20_V_reg_1470                                                                |   27|   0|   27|          0|
    |layer2_out_21_V_reg_1475                                                                |   27|   0|   27|          0|
    |layer2_out_22_V_reg_1480                                                                |   27|   0|   27|          0|
    |layer2_out_23_V_reg_1485                                                                |   27|   0|   27|          0|
    |layer2_out_25_V_reg_1490                                                                |   27|   0|   27|          0|
    |layer2_out_26_V_reg_1495                                                                |   27|   0|   27|          0|
    |layer2_out_27_V_reg_1500                                                                |   27|   0|   27|          0|
    |layer2_out_28_V_reg_1505                                                                |   27|   0|   27|          0|
    |layer2_out_29_V_reg_1510                                                                |   27|   0|   27|          0|
    |layer2_out_2_V_reg_1380                                                                 |   27|   0|   27|          0|
    |layer2_out_30_V_reg_1515                                                                |   27|   0|   27|          0|
    |layer2_out_31_V_reg_1520                                                                |   27|   0|   27|          0|
    |layer2_out_32_V_reg_1525                                                                |   27|   0|   27|          0|
    |layer2_out_33_V_reg_1530                                                                |   27|   0|   27|          0|
    |layer2_out_34_V_reg_1535                                                                |   27|   0|   27|          0|
    |layer2_out_35_V_reg_1540                                                                |   27|   0|   27|          0|
    |layer2_out_37_V_reg_1545                                                                |   27|   0|   27|          0|
    |layer2_out_38_V_reg_1550                                                                |   27|   0|   27|          0|
    |layer2_out_39_V_reg_1555                                                                |   27|   0|   27|          0|
    |layer2_out_3_V_reg_1385                                                                 |   27|   0|   27|          0|
    |layer2_out_40_V_reg_1560                                                                |   27|   0|   27|          0|
    |layer2_out_41_V_reg_1565                                                                |   27|   0|   27|          0|
    |layer2_out_42_V_reg_1570                                                                |   27|   0|   27|          0|
    |layer2_out_43_V_reg_1575                                                                |   27|   0|   27|          0|
    |layer2_out_44_V_reg_1580                                                                |   27|   0|   27|          0|
    |layer2_out_45_V_reg_1585                                                                |   27|   0|   27|          0|
    |layer2_out_46_V_reg_1590                                                                |   27|   0|   27|          0|
    |layer2_out_47_V_reg_1595                                                                |   27|   0|   27|          0|
    |layer2_out_48_V_reg_1600                                                                |   27|   0|   27|          0|
    |layer2_out_49_V_reg_1605                                                                |   27|   0|   27|          0|
    |layer2_out_4_V_reg_1390                                                                 |   27|   0|   27|          0|
    |layer2_out_50_V_reg_1610                                                                |   27|   0|   27|          0|
    |layer2_out_51_V_reg_1615                                                                |   27|   0|   27|          0|
    |layer2_out_52_V_reg_1620                                                                |   27|   0|   27|          0|
    |layer2_out_53_V_reg_1625                                                                |   27|   0|   27|          0|
    |layer2_out_54_V_reg_1630                                                                |   27|   0|   27|          0|
    |layer2_out_55_V_reg_1635                                                                |   27|   0|   27|          0|
    |layer2_out_56_V_reg_1640                                                                |   27|   0|   27|          0|
    |layer2_out_57_V_reg_1645                                                                |   27|   0|   27|          0|
    |layer2_out_58_V_reg_1650                                                                |   27|   0|   27|          0|
    |layer2_out_59_V_reg_1655                                                                |   27|   0|   27|          0|
    |layer2_out_5_V_reg_1395                                                                 |   27|   0|   27|          0|
    |layer2_out_60_V_reg_1660                                                                |   27|   0|   27|          0|
    |layer2_out_62_V_reg_1665                                                                |   27|   0|   27|          0|
    |layer2_out_63_V_reg_1670                                                                |   27|   0|   27|          0|
    |layer2_out_6_V_reg_1400                                                                 |   27|   0|   27|          0|
    |layer2_out_7_V_reg_1405                                                                 |   27|   0|   27|          0|
    |layer2_out_8_V_reg_1410                                                                 |   27|   0|   27|          0|
    |layer2_out_9_V_reg_1415                                                                 |   27|   0|   27|          0|
    |layer4_out_0_V_reg_1675                                                                 |    6|   0|    6|          0|
    |layer4_out_10_V_reg_1725                                                                |    6|   0|    6|          0|
    |layer4_out_11_V_reg_1730                                                                |    6|   0|    6|          0|
    |layer4_out_12_V_reg_1735                                                                |    6|   0|    6|          0|
    |layer4_out_13_V_reg_1740                                                                |    6|   0|    6|          0|
    |layer4_out_14_V_reg_1745                                                                |    6|   0|    6|          0|
    |layer4_out_15_V_reg_1750                                                                |    6|   0|    6|          0|
    |layer4_out_16_V_reg_1755                                                                |    6|   0|    6|          0|
    |layer4_out_17_V_reg_1760                                                                |    6|   0|    6|          0|
    |layer4_out_18_V_reg_1765                                                                |    6|   0|    6|          0|
    |layer4_out_19_V_reg_1770                                                                |    6|   0|    6|          0|
    |layer4_out_1_V_reg_1680                                                                 |    6|   0|    6|          0|
    |layer4_out_20_V_reg_1775                                                                |    6|   0|    6|          0|
    |layer4_out_21_V_reg_1780                                                                |    6|   0|    6|          0|
    |layer4_out_22_V_reg_1785                                                                |    6|   0|    6|          0|
    |layer4_out_23_V_reg_1790                                                                |    6|   0|    6|          0|
    |layer4_out_25_V_reg_1795                                                                |    6|   0|    6|          0|
    |layer4_out_26_V_reg_1800                                                                |    6|   0|    6|          0|
    |layer4_out_27_V_reg_1805                                                                |    6|   0|    6|          0|
    |layer4_out_28_V_reg_1810                                                                |    6|   0|    6|          0|
    |layer4_out_29_V_reg_1815                                                                |    6|   0|    6|          0|
    |layer4_out_2_V_reg_1685                                                                 |    6|   0|    6|          0|
    |layer4_out_30_V_reg_1820                                                                |    6|   0|    6|          0|
    |layer4_out_31_V_reg_1825                                                                |    6|   0|    6|          0|
    |layer4_out_32_V_reg_1830                                                                |    6|   0|    6|          0|
    |layer4_out_33_V_reg_1835                                                                |    6|   0|    6|          0|
    |layer4_out_34_V_reg_1840                                                                |    6|   0|    6|          0|
    |layer4_out_35_V_reg_1845                                                                |    6|   0|    6|          0|
    |layer4_out_37_V_reg_1850                                                                |    6|   0|    6|          0|
    |layer4_out_38_V_reg_1855                                                                |    6|   0|    6|          0|
    |layer4_out_39_V_reg_1860                                                                |    6|   0|    6|          0|
    |layer4_out_3_V_reg_1690                                                                 |    6|   0|    6|          0|
    |layer4_out_40_V_reg_1865                                                                |    6|   0|    6|          0|
    |layer4_out_41_V_reg_1870                                                                |    6|   0|    6|          0|
    |layer4_out_42_V_reg_1875                                                                |    6|   0|    6|          0|
    |layer4_out_43_V_reg_1880                                                                |    6|   0|    6|          0|
    |layer4_out_44_V_reg_1885                                                                |    6|   0|    6|          0|
    |layer4_out_45_V_reg_1890                                                                |    6|   0|    6|          0|
    |layer4_out_46_V_reg_1895                                                                |    6|   0|    6|          0|
    |layer4_out_47_V_reg_1900                                                                |    6|   0|    6|          0|
    |layer4_out_48_V_reg_1905                                                                |    6|   0|    6|          0|
    |layer4_out_49_V_reg_1910                                                                |    6|   0|    6|          0|
    |layer4_out_4_V_reg_1695                                                                 |    6|   0|    6|          0|
    |layer4_out_50_V_reg_1915                                                                |    6|   0|    6|          0|
    |layer4_out_51_V_reg_1920                                                                |    6|   0|    6|          0|
    |layer4_out_52_V_reg_1925                                                                |    6|   0|    6|          0|
    |layer4_out_53_V_reg_1930                                                                |    6|   0|    6|          0|
    |layer4_out_54_V_reg_1935                                                                |    6|   0|    6|          0|
    |layer4_out_55_V_reg_1940                                                                |    6|   0|    6|          0|
    |layer4_out_56_V_reg_1945                                                                |    6|   0|    6|          0|
    |layer4_out_57_V_reg_1950                                                                |    6|   0|    6|          0|
    |layer4_out_58_V_reg_1955                                                                |    6|   0|    6|          0|
    |layer4_out_59_V_reg_1960                                                                |    6|   0|    6|          0|
    |layer4_out_5_V_reg_1700                                                                 |    6|   0|    6|          0|
    |layer4_out_60_V_reg_1965                                                                |    6|   0|    6|          0|
    |layer4_out_62_V_reg_1970                                                                |    6|   0|    6|          0|
    |layer4_out_63_V_reg_1975                                                                |    6|   0|    6|          0|
    |layer4_out_6_V_reg_1705                                                                 |    6|   0|    6|          0|
    |layer4_out_7_V_reg_1710                                                                 |    6|   0|    6|          0|
    |layer4_out_8_V_reg_1715                                                                 |    6|   0|    6|          0|
    |layer4_out_9_V_reg_1720                                                                 |    6|   0|    6|          0|
    |layer5_out_0_V_reg_1980                                                                 |   19|   0|   19|          0|
    |layer5_out_10_V_reg_2030                                                                |   19|   0|   19|          0|
    |layer5_out_11_V_reg_2035                                                                |   19|   0|   19|          0|
    |layer5_out_12_V_reg_2040                                                                |   19|   0|   19|          0|
    |layer5_out_13_V_reg_2045                                                                |   19|   0|   19|          0|
    |layer5_out_14_V_reg_2050                                                                |   19|   0|   19|          0|
    |layer5_out_15_V_reg_2055                                                                |   19|   0|   19|          0|
    |layer5_out_17_V_reg_2060                                                                |   19|   0|   19|          0|
    |layer5_out_18_V_reg_2065                                                                |   19|   0|   19|          0|
    |layer5_out_19_V_reg_2070                                                                |   19|   0|   19|          0|
    |layer5_out_1_V_reg_1985                                                                 |   19|   0|   19|          0|
    |layer5_out_20_V_reg_2075                                                                |   19|   0|   19|          0|
    |layer5_out_21_V_reg_2080                                                                |   19|   0|   19|          0|
    |layer5_out_22_V_reg_2085                                                                |   19|   0|   19|          0|
    |layer5_out_23_V_reg_2090                                                                |   19|   0|   19|          0|
    |layer5_out_24_V_reg_2095                                                                |   19|   0|   19|          0|
    |layer5_out_25_V_reg_2100                                                                |   19|   0|   19|          0|
    |layer5_out_26_V_reg_2105                                                                |   19|   0|   19|          0|
    |layer5_out_27_V_reg_2110                                                                |   19|   0|   19|          0|
    |layer5_out_28_V_reg_2115                                                                |   19|   0|   19|          0|
    |layer5_out_29_V_reg_2120                                                                |   19|   0|   19|          0|
    |layer5_out_2_V_reg_1990                                                                 |   19|   0|   19|          0|
    |layer5_out_30_V_reg_2125                                                                |   19|   0|   19|          0|
    |layer5_out_3_V_reg_1995                                                                 |   19|   0|   19|          0|
    |layer5_out_4_V_reg_2000                                                                 |   19|   0|   19|          0|
    |layer5_out_5_V_reg_2005                                                                 |   19|   0|   19|          0|
    |layer5_out_6_V_reg_2010                                                                 |   19|   0|   19|          0|
    |layer5_out_7_V_reg_2015                                                                 |   19|   0|   19|          0|
    |layer5_out_8_V_reg_2020                                                                 |   19|   0|   19|          0|
    |layer5_out_9_V_reg_2025                                                                 |   19|   0|   19|          0|
    |layer7_out_0_V_reg_2130                                                                 |    6|   0|    6|          0|
    |layer7_out_10_V_reg_2180                                                                |    6|   0|    6|          0|
    |layer7_out_11_V_reg_2185                                                                |    6|   0|    6|          0|
    |layer7_out_12_V_reg_2190                                                                |    6|   0|    6|          0|
    |layer7_out_13_V_reg_2195                                                                |    6|   0|    6|          0|
    |layer7_out_14_V_reg_2200                                                                |    6|   0|    6|          0|
    |layer7_out_15_V_reg_2205                                                                |    6|   0|    6|          0|
    |layer7_out_17_V_reg_2210                                                                |    6|   0|    6|          0|
    |layer7_out_18_V_reg_2215                                                                |    6|   0|    6|          0|
    |layer7_out_19_V_reg_2220                                                                |    6|   0|    6|          0|
    |layer7_out_1_V_reg_2135                                                                 |    6|   0|    6|          0|
    |layer7_out_20_V_reg_2225                                                                |    6|   0|    6|          0|
    |layer7_out_21_V_reg_2230                                                                |    6|   0|    6|          0|
    |layer7_out_22_V_reg_2235                                                                |    6|   0|    6|          0|
    |layer7_out_23_V_reg_2240                                                                |    6|   0|    6|          0|
    |layer7_out_24_V_reg_2245                                                                |    6|   0|    6|          0|
    |layer7_out_25_V_reg_2250                                                                |    6|   0|    6|          0|
    |layer7_out_26_V_reg_2255                                                                |    6|   0|    6|          0|
    |layer7_out_27_V_reg_2260                                                                |    6|   0|    6|          0|
    |layer7_out_28_V_reg_2265                                                                |    6|   0|    6|          0|
    |layer7_out_29_V_reg_2270                                                                |    6|   0|    6|          0|
    |layer7_out_2_V_reg_2140                                                                 |    6|   0|    6|          0|
    |layer7_out_30_V_reg_2275                                                                |    6|   0|    6|          0|
    |layer7_out_3_V_reg_2145                                                                 |    6|   0|    6|          0|
    |layer7_out_4_V_reg_2150                                                                 |    6|   0|    6|          0|
    |layer7_out_5_V_reg_2155                                                                 |    6|   0|    6|          0|
    |layer7_out_6_V_reg_2160                                                                 |    6|   0|    6|          0|
    |layer7_out_7_V_reg_2165                                                                 |    6|   0|    6|          0|
    |layer7_out_8_V_reg_2170                                                                 |    6|   0|    6|          0|
    |layer7_out_9_V_reg_2175                                                                 |    6|   0|    6|          0|
    |layer8_out_0_V_reg_2280                                                                 |   18|   0|   18|          0|
    |layer8_out_10_V_reg_2325                                                                |   18|   0|   18|          0|
    |layer8_out_11_V_reg_2330                                                                |   18|   0|   18|          0|
    |layer8_out_12_V_reg_2335                                                                |   18|   0|   18|          0|
    |layer8_out_14_V_reg_2340                                                                |   18|   0|   18|          0|
    |layer8_out_15_V_reg_2345                                                                |   18|   0|   18|          0|
    |layer8_out_16_V_reg_2350                                                                |   18|   0|   18|          0|
    |layer8_out_17_V_reg_2355                                                                |   18|   0|   18|          0|
    |layer8_out_18_V_reg_2360                                                                |   18|   0|   18|          0|
    |layer8_out_19_V_reg_2365                                                                |   18|   0|   18|          0|
    |layer8_out_1_V_reg_2285                                                                 |   18|   0|   18|          0|
    |layer8_out_20_V_reg_2370                                                                |   18|   0|   18|          0|
    |layer8_out_21_V_reg_2375                                                                |   18|   0|   18|          0|
    |layer8_out_23_V_reg_2380                                                                |   18|   0|   18|          0|
    |layer8_out_24_V_reg_2385                                                                |   18|   0|   18|          0|
    |layer8_out_25_V_reg_2390                                                                |   18|   0|   18|          0|
    |layer8_out_26_V_reg_2395                                                                |   18|   0|   18|          0|
    |layer8_out_29_V_reg_2400                                                                |   18|   0|   18|          0|
    |layer8_out_30_V_reg_2405                                                                |   18|   0|   18|          0|
    |layer8_out_31_V_reg_2410                                                                |   18|   0|   18|          0|
    |layer8_out_3_V_reg_2290                                                                 |   18|   0|   18|          0|
    |layer8_out_4_V_reg_2295                                                                 |   18|   0|   18|          0|
    |layer8_out_5_V_reg_2300                                                                 |   18|   0|   18|          0|
    |layer8_out_6_V_reg_2305                                                                 |   18|   0|   18|          0|
    |layer8_out_7_V_reg_2310                                                                 |   18|   0|   18|          0|
    |layer8_out_8_V_reg_2315                                                                 |   18|   0|   18|          0|
    |layer8_out_9_V_reg_2320                                                                 |   18|   0|   18|          0|
    +----------------------------------------------------------------------------------------+-----+----+-----+-----------+
    |Total                                                                                   | 3799|   0| 3799|          0|
    +----------------------------------------------------------------------------------------+-----+----+-----+-----------+



================================================================
== Interface
================================================================
* Summary: 
+------------------------+-----+-----+------------+-----------------+--------------+
|        RTL Ports       | Dir | Bits|  Protocol  |  Source Object  |    C Type    |
+------------------------+-----+-----+------------+-----------------+--------------+
|ap_clk                  |  in |    1| ap_ctrl_hs |    myproject    | return value |
|ap_rst                  |  in |    1| ap_ctrl_hs |    myproject    | return value |
|ap_start                |  in |    1| ap_ctrl_hs |    myproject    | return value |
|ap_done                 | out |    1| ap_ctrl_hs |    myproject    | return value |
|ap_idle                 | out |    1| ap_ctrl_hs |    myproject    | return value |
|ap_ready                | out |    1| ap_ctrl_hs |    myproject    | return value |
|fc1_input_V_ap_vld      |  in |    1|   ap_vld   |   fc1_input_V   |    pointer   |
|fc1_input_V             |  in |  256|   ap_vld   |   fc1_input_V   |    pointer   |
|layer13_out_0_V         | out |   16|   ap_vld   | layer13_out_0_V |    pointer   |
|layer13_out_0_V_ap_vld  | out |    1|   ap_vld   | layer13_out_0_V |    pointer   |
|layer13_out_1_V         | out |   16|   ap_vld   | layer13_out_1_V |    pointer   |
|layer13_out_1_V_ap_vld  | out |    1|   ap_vld   | layer13_out_1_V |    pointer   |
|layer13_out_2_V         | out |   16|   ap_vld   | layer13_out_2_V |    pointer   |
|layer13_out_2_V_ap_vld  | out |    1|   ap_vld   | layer13_out_2_V |    pointer   |
|layer13_out_3_V         | out |   16|   ap_vld   | layer13_out_3_V |    pointer   |
|layer13_out_3_V_ap_vld  | out |    1|   ap_vld   | layer13_out_3_V |    pointer   |
|layer13_out_4_V         | out |   16|   ap_vld   | layer13_out_4_V |    pointer   |
|layer13_out_4_V_ap_vld  | out |    1|   ap_vld   | layer13_out_4_V |    pointer   |
+------------------------+-----+-----+------------+-----------------+--------------+

