

================================================================
== Vivado HLS Report for 'relu_ap_fixed_19_8_5_3_0_ap_ufixed_6_0_4_0_0_relu_config7_s'
================================================================
* Date:           Wed Jun  4 15:25:35 2025

* Version:        2020.1 (Build 2897737 on Wed May 27 20:21:37 MDT 2020)
* Project:        myproject_prj
* Solution:       solution1
* Product family: zynq
* Target device:  xc7z020-clg400-1


================================================================
== Performance Estimates
================================================================
+ Timing: 
    * Summary: 
    +--------+---------+----------+------------+
    |  Clock |  Target | Estimated| Uncertainty|
    +--------+---------+----------+------------+
    |ap_clk  | 5.00 ns | 4.315 ns |   0.62 ns  |
    +--------+---------+----------+------------+

+ Latency: 
    * Summary: 
    +---------+---------+----------+----------+-----+-----+----------+
    |  Latency (cycles) |  Latency (absolute) |  Interval | Pipeline |
    |   min   |   max   |    min   |    max   | min | max |   Type   |
    +---------+---------+----------+----------+-----+-----+----------+
    |        0|        0|   0 ns   |   0 ns   |    1|    1| function |
    +---------+---------+----------+----------+-----+-----+----------+

    + Detail: 
        * Instance: 
        N/A

        * Loop: 
        N/A



================================================================
== Utilization Estimates
================================================================
* Summary: 
+-----------------+---------+-------+--------+-------+-----+
|       Name      | BRAM_18K| DSP48E|   FF   |  LUT  | URAM|
+-----------------+---------+-------+--------+-------+-----+
|DSP              |        -|      -|       -|      -|    -|
|Expression       |        -|      -|       0|   2580|    -|
|FIFO             |        -|      -|       -|      -|    -|
|Instance         |        -|      -|       -|      -|    -|
|Memory           |        -|      -|       -|      -|    -|
|Multiplexer      |        -|      -|       -|      -|    -|
|Register         |        -|      -|       -|      -|    -|
+-----------------+---------+-------+--------+-------+-----+
|Total            |        0|      0|       0|   2580|    0|
+-----------------+---------+-------+--------+-------+-----+
|Available        |      280|    220|  106400|  53200|    0|
+-----------------+---------+-------+--------+-------+-----+
|Utilization (%)  |        0|      0|       0|      4|    0|
+-----------------+---------+-------+--------+-------+-----+

+ Detail: 
    * Instance: 
    N/A

    * DSP48E: 
    N/A

    * Memory: 
    N/A

    * FIFO: 
    N/A

    * Expression: 
    +-----------------------------+----------+-------+---+----+------------+------------+
    |        Variable Name        | Operation| DSP48E| FF| LUT| Bitwidth P0| Bitwidth P1|
    +-----------------------------+----------+-------+---+----+------------+------------+
    |add_ln415_61_fu_490_p2       |     +    |      0|  0|  15|           6|           6|
    |add_ln415_62_fu_628_p2       |     +    |      0|  0|  15|           6|           6|
    |add_ln415_63_fu_766_p2       |     +    |      0|  0|  15|           6|           6|
    |add_ln415_64_fu_904_p2       |     +    |      0|  0|  15|           6|           6|
    |add_ln415_65_fu_1042_p2      |     +    |      0|  0|  15|           6|           6|
    |add_ln415_66_fu_1180_p2      |     +    |      0|  0|  15|           6|           6|
    |add_ln415_67_fu_1318_p2      |     +    |      0|  0|  15|           6|           6|
    |add_ln415_68_fu_1456_p2      |     +    |      0|  0|  15|           6|           6|
    |add_ln415_69_fu_1594_p2      |     +    |      0|  0|  15|           6|           6|
    |add_ln415_70_fu_1732_p2      |     +    |      0|  0|  15|           6|           6|
    |add_ln415_71_fu_1870_p2      |     +    |      0|  0|  15|           6|           6|
    |add_ln415_72_fu_2008_p2      |     +    |      0|  0|  15|           6|           6|
    |add_ln415_73_fu_2146_p2      |     +    |      0|  0|  15|           6|           6|
    |add_ln415_74_fu_2284_p2      |     +    |      0|  0|  15|           6|           6|
    |add_ln415_75_fu_2422_p2      |     +    |      0|  0|  15|           6|           6|
    |add_ln415_76_fu_2560_p2      |     +    |      0|  0|  15|           6|           6|
    |add_ln415_77_fu_2698_p2      |     +    |      0|  0|  15|           6|           6|
    |add_ln415_78_fu_2836_p2      |     +    |      0|  0|  15|           6|           6|
    |add_ln415_79_fu_2974_p2      |     +    |      0|  0|  15|           6|           6|
    |add_ln415_80_fu_3112_p2      |     +    |      0|  0|  15|           6|           6|
    |add_ln415_81_fu_3250_p2      |     +    |      0|  0|  15|           6|           6|
    |add_ln415_82_fu_3388_p2      |     +    |      0|  0|  15|           6|           6|
    |add_ln415_83_fu_3526_p2      |     +    |      0|  0|  15|           6|           6|
    |add_ln415_84_fu_3664_p2      |     +    |      0|  0|  15|           6|           6|
    |add_ln415_85_fu_3802_p2      |     +    |      0|  0|  15|           6|           6|
    |add_ln415_86_fu_3940_p2      |     +    |      0|  0|  15|           6|           6|
    |add_ln415_87_fu_4078_p2      |     +    |      0|  0|  15|           6|           6|
    |add_ln415_88_fu_4216_p2      |     +    |      0|  0|  15|           6|           6|
    |add_ln415_89_fu_4354_p2      |     +    |      0|  0|  15|           6|           6|
    |add_ln415_fu_352_p2          |     +    |      0|  0|  15|           6|           6|
    |and_ln415_10_fu_1722_p2      |    and   |      0|  0|   2|           1|           1|
    |and_ln415_11_fu_1860_p2      |    and   |      0|  0|   2|           1|           1|
    |and_ln415_12_fu_1998_p2      |    and   |      0|  0|   2|           1|           1|
    |and_ln415_13_fu_2136_p2      |    and   |      0|  0|   2|           1|           1|
    |and_ln415_14_fu_2274_p2      |    and   |      0|  0|   2|           1|           1|
    |and_ln415_15_fu_2412_p2      |    and   |      0|  0|   2|           1|           1|
    |and_ln415_17_fu_2550_p2      |    and   |      0|  0|   2|           1|           1|
    |and_ln415_18_fu_2688_p2      |    and   |      0|  0|   2|           1|           1|
    |and_ln415_19_fu_2826_p2      |    and   |      0|  0|   2|           1|           1|
    |and_ln415_1_fu_480_p2        |    and   |      0|  0|   2|           1|           1|
    |and_ln415_20_fu_2964_p2      |    and   |      0|  0|   2|           1|           1|
    |and_ln415_21_fu_3102_p2      |    and   |      0|  0|   2|           1|           1|
    |and_ln415_22_fu_3240_p2      |    and   |      0|  0|   2|           1|           1|
    |and_ln415_23_fu_3378_p2      |    and   |      0|  0|   2|           1|           1|
    |and_ln415_24_fu_3516_p2      |    and   |      0|  0|   2|           1|           1|
    |and_ln415_25_fu_3654_p2      |    and   |      0|  0|   2|           1|           1|
    |and_ln415_26_fu_3792_p2      |    and   |      0|  0|   2|           1|           1|
    |and_ln415_27_fu_3930_p2      |    and   |      0|  0|   2|           1|           1|
    |and_ln415_28_fu_4068_p2      |    and   |      0|  0|   2|           1|           1|
    |and_ln415_29_fu_4206_p2      |    and   |      0|  0|   2|           1|           1|
    |and_ln415_2_fu_618_p2        |    and   |      0|  0|   2|           1|           1|
    |and_ln415_30_fu_4344_p2      |    and   |      0|  0|   2|           1|           1|
    |and_ln415_3_fu_756_p2        |    and   |      0|  0|   2|           1|           1|
    |and_ln415_4_fu_894_p2        |    and   |      0|  0|   2|           1|           1|
    |and_ln415_5_fu_1032_p2       |    and   |      0|  0|   2|           1|           1|
    |and_ln415_6_fu_1170_p2       |    and   |      0|  0|   2|           1|           1|
    |and_ln415_7_fu_1308_p2       |    and   |      0|  0|   2|           1|           1|
    |and_ln415_8_fu_1446_p2       |    and   |      0|  0|   2|           1|           1|
    |and_ln415_9_fu_1584_p2       |    and   |      0|  0|   2|           1|           1|
    |and_ln415_fu_342_p2          |    and   |      0|  0|   2|           1|           1|
    |and_ln416_61_fu_510_p2       |    and   |      0|  0|   2|           1|           1|
    |and_ln416_62_fu_648_p2       |    and   |      0|  0|   2|           1|           1|
    |and_ln416_63_fu_786_p2       |    and   |      0|  0|   2|           1|           1|
    |and_ln416_64_fu_924_p2       |    and   |      0|  0|   2|           1|           1|
    |and_ln416_65_fu_1062_p2      |    and   |      0|  0|   2|           1|           1|
    |and_ln416_66_fu_1200_p2      |    and   |      0|  0|   2|           1|           1|
    |and_ln416_67_fu_1338_p2      |    and   |      0|  0|   2|           1|           1|
    |and_ln416_68_fu_1476_p2      |    and   |      0|  0|   2|           1|           1|
    |and_ln416_69_fu_1614_p2      |    and   |      0|  0|   2|           1|           1|
    |and_ln416_70_fu_1752_p2      |    and   |      0|  0|   2|           1|           1|
    |and_ln416_71_fu_1890_p2      |    and   |      0|  0|   2|           1|           1|
    |and_ln416_72_fu_2028_p2      |    and   |      0|  0|   2|           1|           1|
    |and_ln416_73_fu_2166_p2      |    and   |      0|  0|   2|           1|           1|
    |and_ln416_74_fu_2304_p2      |    and   |      0|  0|   2|           1|           1|
    |and_ln416_75_fu_2442_p2      |    and   |      0|  0|   2|           1|           1|
    |and_ln416_76_fu_2580_p2      |    and   |      0|  0|   2|           1|           1|
    |and_ln416_77_fu_2718_p2      |    and   |      0|  0|   2|           1|           1|
    |and_ln416_78_fu_2856_p2      |    and   |      0|  0|   2|           1|           1|
    |and_ln416_79_fu_2994_p2      |    and   |      0|  0|   2|           1|           1|
    |and_ln416_80_fu_3132_p2      |    and   |      0|  0|   2|           1|           1|
    |and_ln416_81_fu_3270_p2      |    and   |      0|  0|   2|           1|           1|
    |and_ln416_82_fu_3408_p2      |    and   |      0|  0|   2|           1|           1|
    |and_ln416_83_fu_3546_p2      |    and   |      0|  0|   2|           1|           1|
    |and_ln416_84_fu_3684_p2      |    and   |      0|  0|   2|           1|           1|
    |and_ln416_85_fu_3822_p2      |    and   |      0|  0|   2|           1|           1|
    |and_ln416_86_fu_3960_p2      |    and   |      0|  0|   2|           1|           1|
    |and_ln416_87_fu_4098_p2      |    and   |      0|  0|   2|           1|           1|
    |and_ln416_88_fu_4236_p2      |    and   |      0|  0|   2|           1|           1|
    |and_ln416_89_fu_4374_p2      |    and   |      0|  0|   2|           1|           1|
    |and_ln416_fu_372_p2          |    and   |      0|  0|   2|           1|           1|
    |icmp_ln1494_10_fu_1666_p2    |   icmp   |      0|  0|  18|          19|           1|
    |icmp_ln1494_11_fu_1804_p2    |   icmp   |      0|  0|  18|          19|           1|
    |icmp_ln1494_12_fu_1942_p2    |   icmp   |      0|  0|  18|          19|           1|
    |icmp_ln1494_13_fu_2080_p2    |   icmp   |      0|  0|  18|          19|           1|
    |icmp_ln1494_14_fu_2218_p2    |   icmp   |      0|  0|  18|          19|           1|
    |icmp_ln1494_15_fu_2356_p2    |   icmp   |      0|  0|  18|          19|           1|
    |icmp_ln1494_17_fu_2494_p2    |   icmp   |      0|  0|  18|          19|           1|
    |icmp_ln1494_18_fu_2632_p2    |   icmp   |      0|  0|  18|          19|           1|
    |icmp_ln1494_19_fu_2770_p2    |   icmp   |      0|  0|  18|          19|           1|
    |icmp_ln1494_1_fu_424_p2      |   icmp   |      0|  0|  18|          19|           1|
    |icmp_ln1494_20_fu_2908_p2    |   icmp   |      0|  0|  18|          19|           1|
    |icmp_ln1494_21_fu_3046_p2    |   icmp   |      0|  0|  18|          19|           1|
    |icmp_ln1494_22_fu_3184_p2    |   icmp   |      0|  0|  18|          19|           1|
    |icmp_ln1494_23_fu_3322_p2    |   icmp   |      0|  0|  18|          19|           1|
    |icmp_ln1494_24_fu_3460_p2    |   icmp   |      0|  0|  18|          19|           1|
    |icmp_ln1494_25_fu_3598_p2    |   icmp   |      0|  0|  18|          19|           1|
    |icmp_ln1494_26_fu_3736_p2    |   icmp   |      0|  0|  18|          19|           1|
    |icmp_ln1494_27_fu_3874_p2    |   icmp   |      0|  0|  18|          19|           1|
    |icmp_ln1494_28_fu_4012_p2    |   icmp   |      0|  0|  18|          19|           1|
    |icmp_ln1494_29_fu_4150_p2    |   icmp   |      0|  0|  18|          19|           1|
    |icmp_ln1494_2_fu_562_p2      |   icmp   |      0|  0|  18|          19|           1|
    |icmp_ln1494_30_fu_4288_p2    |   icmp   |      0|  0|  18|          19|           1|
    |icmp_ln1494_3_fu_700_p2      |   icmp   |      0|  0|  18|          19|           1|
    |icmp_ln1494_4_fu_838_p2      |   icmp   |      0|  0|  18|          19|           1|
    |icmp_ln1494_5_fu_976_p2      |   icmp   |      0|  0|  18|          19|           1|
    |icmp_ln1494_6_fu_1114_p2     |   icmp   |      0|  0|  18|          19|           1|
    |icmp_ln1494_7_fu_1252_p2     |   icmp   |      0|  0|  18|          19|           1|
    |icmp_ln1494_8_fu_1390_p2     |   icmp   |      0|  0|  18|          19|           1|
    |icmp_ln1494_9_fu_1528_p2     |   icmp   |      0|  0|  18|          19|           1|
    |icmp_ln1494_fu_286_p2        |   icmp   |      0|  0|  18|          19|           1|
    |icmp_ln718_61_fu_452_p2      |   icmp   |      0|  0|   9|           4|           1|
    |icmp_ln718_62_fu_590_p2      |   icmp   |      0|  0|   9|           4|           1|
    |icmp_ln718_63_fu_728_p2      |   icmp   |      0|  0|   9|           4|           1|
    |icmp_ln718_64_fu_866_p2      |   icmp   |      0|  0|   9|           4|           1|
    |icmp_ln718_65_fu_1004_p2     |   icmp   |      0|  0|   9|           4|           1|
    |icmp_ln718_66_fu_1142_p2     |   icmp   |      0|  0|   9|           4|           1|
    |icmp_ln718_67_fu_1280_p2     |   icmp   |      0|  0|   9|           4|           1|
    |icmp_ln718_68_fu_1418_p2     |   icmp   |      0|  0|   9|           4|           1|
    |icmp_ln718_69_fu_1556_p2     |   icmp   |      0|  0|   9|           4|           1|
    |icmp_ln718_70_fu_1694_p2     |   icmp   |      0|  0|   9|           4|           1|
    |icmp_ln718_71_fu_1832_p2     |   icmp   |      0|  0|   9|           4|           1|
    |icmp_ln718_72_fu_1970_p2     |   icmp   |      0|  0|   9|           4|           1|
    |icmp_ln718_73_fu_2108_p2     |   icmp   |      0|  0|   9|           4|           1|
    |icmp_ln718_74_fu_2246_p2     |   icmp   |      0|  0|   9|           4|           1|
    |icmp_ln718_75_fu_2384_p2     |   icmp   |      0|  0|   9|           4|           1|
    |icmp_ln718_76_fu_2522_p2     |   icmp   |      0|  0|   9|           4|           1|
    |icmp_ln718_77_fu_2660_p2     |   icmp   |      0|  0|   9|           4|           1|
    |icmp_ln718_78_fu_2798_p2     |   icmp   |      0|  0|   9|           4|           1|
    |icmp_ln718_79_fu_2936_p2     |   icmp   |      0|  0|   9|           4|           1|
    |icmp_ln718_80_fu_3074_p2     |   icmp   |      0|  0|   9|           4|           1|
    |icmp_ln718_81_fu_3212_p2     |   icmp   |      0|  0|   9|           4|           1|
    |icmp_ln718_82_fu_3350_p2     |   icmp   |      0|  0|   9|           4|           1|
    |icmp_ln718_83_fu_3488_p2     |   icmp   |      0|  0|   9|           4|           1|
    |icmp_ln718_84_fu_3626_p2     |   icmp   |      0|  0|   9|           4|           1|
    |icmp_ln718_85_fu_3764_p2     |   icmp   |      0|  0|   9|           4|           1|
    |icmp_ln718_86_fu_3902_p2     |   icmp   |      0|  0|   9|           4|           1|
    |icmp_ln718_87_fu_4040_p2     |   icmp   |      0|  0|   9|           4|           1|
    |icmp_ln718_88_fu_4178_p2     |   icmp   |      0|  0|   9|           4|           1|
    |icmp_ln718_89_fu_4316_p2     |   icmp   |      0|  0|   9|           4|           1|
    |icmp_ln718_fu_314_p2         |   icmp   |      0|  0|   9|           4|           1|
    |icmp_ln768_61_fu_532_p2      |   icmp   |      0|  0|  11|           8|           1|
    |icmp_ln768_62_fu_670_p2      |   icmp   |      0|  0|  11|           8|           1|
    |icmp_ln768_63_fu_808_p2      |   icmp   |      0|  0|  11|           8|           1|
    |icmp_ln768_64_fu_946_p2      |   icmp   |      0|  0|  11|           8|           1|
    |icmp_ln768_65_fu_1084_p2     |   icmp   |      0|  0|  11|           8|           1|
    |icmp_ln768_66_fu_1222_p2     |   icmp   |      0|  0|  11|           8|           1|
    |icmp_ln768_67_fu_1360_p2     |   icmp   |      0|  0|  11|           8|           1|
    |icmp_ln768_68_fu_1498_p2     |   icmp   |      0|  0|  11|           8|           1|
    |icmp_ln768_69_fu_1636_p2     |   icmp   |      0|  0|  11|           8|           1|
    |icmp_ln768_70_fu_1774_p2     |   icmp   |      0|  0|  11|           8|           1|
    |icmp_ln768_71_fu_1912_p2     |   icmp   |      0|  0|  11|           8|           1|
    |icmp_ln768_72_fu_2050_p2     |   icmp   |      0|  0|  11|           8|           1|
    |icmp_ln768_73_fu_2188_p2     |   icmp   |      0|  0|  11|           8|           1|
    |icmp_ln768_74_fu_2326_p2     |   icmp   |      0|  0|  11|           8|           1|
    |icmp_ln768_75_fu_2464_p2     |   icmp   |      0|  0|  11|           8|           1|
    |icmp_ln768_76_fu_2602_p2     |   icmp   |      0|  0|  11|           8|           1|
    |icmp_ln768_77_fu_2740_p2     |   icmp   |      0|  0|  11|           8|           1|
    |icmp_ln768_78_fu_2878_p2     |   icmp   |      0|  0|  11|           8|           1|
    |icmp_ln768_79_fu_3016_p2     |   icmp   |      0|  0|  11|           8|           1|
    |icmp_ln768_80_fu_3154_p2     |   icmp   |      0|  0|  11|           8|           1|
    |icmp_ln768_81_fu_3292_p2     |   icmp   |      0|  0|  11|           8|           1|
    |icmp_ln768_82_fu_3430_p2     |   icmp   |      0|  0|  11|           8|           1|
    |icmp_ln768_83_fu_3568_p2     |   icmp   |      0|  0|  11|           8|           1|
    |icmp_ln768_84_fu_3706_p2     |   icmp   |      0|  0|  11|           8|           1|
    |icmp_ln768_85_fu_3844_p2     |   icmp   |      0|  0|  11|           8|           1|
    |icmp_ln768_86_fu_3982_p2     |   icmp   |      0|  0|  11|           8|           1|
    |icmp_ln768_87_fu_4120_p2     |   icmp   |      0|  0|  11|           8|           1|
    |icmp_ln768_88_fu_4258_p2     |   icmp   |      0|  0|  11|           8|           1|
    |icmp_ln768_89_fu_4396_p2     |   icmp   |      0|  0|  11|           8|           1|
    |icmp_ln768_fu_394_p2         |   icmp   |      0|  0|  11|           8|           1|
    |icmp_ln879_61_fu_526_p2      |   icmp   |      0|  0|  11|           8|           2|
    |icmp_ln879_62_fu_664_p2      |   icmp   |      0|  0|  11|           8|           2|
    |icmp_ln879_63_fu_802_p2      |   icmp   |      0|  0|  11|           8|           2|
    |icmp_ln879_64_fu_940_p2      |   icmp   |      0|  0|  11|           8|           2|
    |icmp_ln879_65_fu_1078_p2     |   icmp   |      0|  0|  11|           8|           2|
    |icmp_ln879_66_fu_1216_p2     |   icmp   |      0|  0|  11|           8|           2|
    |icmp_ln879_67_fu_1354_p2     |   icmp   |      0|  0|  11|           8|           2|
    |icmp_ln879_68_fu_1492_p2     |   icmp   |      0|  0|  11|           8|           2|
    |icmp_ln879_69_fu_1630_p2     |   icmp   |      0|  0|  11|           8|           2|
    |icmp_ln879_70_fu_1768_p2     |   icmp   |      0|  0|  11|           8|           2|
    |icmp_ln879_71_fu_1906_p2     |   icmp   |      0|  0|  11|           8|           2|
    |icmp_ln879_72_fu_2044_p2     |   icmp   |      0|  0|  11|           8|           2|
    |icmp_ln879_73_fu_2182_p2     |   icmp   |      0|  0|  11|           8|           2|
    |icmp_ln879_74_fu_2320_p2     |   icmp   |      0|  0|  11|           8|           2|
    |icmp_ln879_75_fu_2458_p2     |   icmp   |      0|  0|  11|           8|           2|
    |icmp_ln879_76_fu_2596_p2     |   icmp   |      0|  0|  11|           8|           2|
    |icmp_ln879_77_fu_2734_p2     |   icmp   |      0|  0|  11|           8|           2|
    |icmp_ln879_78_fu_2872_p2     |   icmp   |      0|  0|  11|           8|           2|
    |icmp_ln879_79_fu_3010_p2     |   icmp   |      0|  0|  11|           8|           2|
    |icmp_ln879_80_fu_3148_p2     |   icmp   |      0|  0|  11|           8|           2|
    |icmp_ln879_81_fu_3286_p2     |   icmp   |      0|  0|  11|           8|           2|
    |icmp_ln879_82_fu_3424_p2     |   icmp   |      0|  0|  11|           8|           2|
    |icmp_ln879_83_fu_3562_p2     |   icmp   |      0|  0|  11|           8|           2|
    |icmp_ln879_84_fu_3700_p2     |   icmp   |      0|  0|  11|           8|           2|
    |icmp_ln879_85_fu_3838_p2     |   icmp   |      0|  0|  11|           8|           2|
    |icmp_ln879_86_fu_3976_p2     |   icmp   |      0|  0|  11|           8|           2|
    |icmp_ln879_87_fu_4114_p2     |   icmp   |      0|  0|  11|           8|           2|
    |icmp_ln879_88_fu_4252_p2     |   icmp   |      0|  0|  11|           8|           2|
    |icmp_ln879_89_fu_4390_p2     |   icmp   |      0|  0|  11|           8|           2|
    |icmp_ln879_fu_388_p2         |   icmp   |      0|  0|  11|           8|           2|
    |or_ln412_61_fu_466_p2        |    or    |      0|  0|   2|           1|           1|
    |or_ln412_62_fu_604_p2        |    or    |      0|  0|   2|           1|           1|
    |or_ln412_63_fu_742_p2        |    or    |      0|  0|   2|           1|           1|
    |or_ln412_64_fu_880_p2        |    or    |      0|  0|   2|           1|           1|
    |or_ln412_65_fu_1018_p2       |    or    |      0|  0|   2|           1|           1|
    |or_ln412_66_fu_1156_p2       |    or    |      0|  0|   2|           1|           1|
    |or_ln412_67_fu_1294_p2       |    or    |      0|  0|   2|           1|           1|
    |or_ln412_68_fu_1432_p2       |    or    |      0|  0|   2|           1|           1|
    |or_ln412_69_fu_1570_p2       |    or    |      0|  0|   2|           1|           1|
    |or_ln412_70_fu_1708_p2       |    or    |      0|  0|   2|           1|           1|
    |or_ln412_71_fu_1846_p2       |    or    |      0|  0|   2|           1|           1|
    |or_ln412_72_fu_1984_p2       |    or    |      0|  0|   2|           1|           1|
    |or_ln412_73_fu_2122_p2       |    or    |      0|  0|   2|           1|           1|
    |or_ln412_74_fu_2260_p2       |    or    |      0|  0|   2|           1|           1|
    |or_ln412_75_fu_2398_p2       |    or    |      0|  0|   2|           1|           1|
    |or_ln412_76_fu_2536_p2       |    or    |      0|  0|   2|           1|           1|
    |or_ln412_77_fu_2674_p2       |    or    |      0|  0|   2|           1|           1|
    |or_ln412_78_fu_2812_p2       |    or    |      0|  0|   2|           1|           1|
    |or_ln412_79_fu_2950_p2       |    or    |      0|  0|   2|           1|           1|
    |or_ln412_80_fu_3088_p2       |    or    |      0|  0|   2|           1|           1|
    |or_ln412_81_fu_3226_p2       |    or    |      0|  0|   2|           1|           1|
    |or_ln412_82_fu_3364_p2       |    or    |      0|  0|   2|           1|           1|
    |or_ln412_83_fu_3502_p2       |    or    |      0|  0|   2|           1|           1|
    |or_ln412_84_fu_3640_p2       |    or    |      0|  0|   2|           1|           1|
    |or_ln412_85_fu_3778_p2       |    or    |      0|  0|   2|           1|           1|
    |or_ln412_86_fu_3916_p2       |    or    |      0|  0|   2|           1|           1|
    |or_ln412_87_fu_4054_p2       |    or    |      0|  0|   2|           1|           1|
    |or_ln412_88_fu_4192_p2       |    or    |      0|  0|   2|           1|           1|
    |or_ln412_89_fu_4330_p2       |    or    |      0|  0|   2|           1|           1|
    |or_ln412_fu_328_p2           |    or    |      0|  0|   2|           1|           1|
    |select_ln1494_61_fu_554_p3   |  select  |      0|  0|   6|           1|           6|
    |select_ln1494_62_fu_692_p3   |  select  |      0|  0|   6|           1|           6|
    |select_ln1494_63_fu_830_p3   |  select  |      0|  0|   6|           1|           6|
    |select_ln1494_64_fu_968_p3   |  select  |      0|  0|   6|           1|           6|
    |select_ln1494_65_fu_1106_p3  |  select  |      0|  0|   6|           1|           6|
    |select_ln1494_66_fu_1244_p3  |  select  |      0|  0|   6|           1|           6|
    |select_ln1494_67_fu_1382_p3  |  select  |      0|  0|   6|           1|           6|
    |select_ln1494_68_fu_1520_p3  |  select  |      0|  0|   6|           1|           6|
    |select_ln1494_69_fu_1658_p3  |  select  |      0|  0|   6|           1|           6|
    |select_ln1494_70_fu_1796_p3  |  select  |      0|  0|   6|           1|           6|
    |select_ln1494_71_fu_1934_p3  |  select  |      0|  0|   6|           1|           6|
    |select_ln1494_72_fu_2072_p3  |  select  |      0|  0|   6|           1|           6|
    |select_ln1494_73_fu_2210_p3  |  select  |      0|  0|   6|           1|           6|
    |select_ln1494_74_fu_2348_p3  |  select  |      0|  0|   6|           1|           6|
    |select_ln1494_75_fu_2486_p3  |  select  |      0|  0|   6|           1|           6|
    |select_ln1494_76_fu_2624_p3  |  select  |      0|  0|   6|           1|           6|
    |select_ln1494_77_fu_2762_p3  |  select  |      0|  0|   6|           1|           6|
    |select_ln1494_78_fu_2900_p3  |  select  |      0|  0|   6|           1|           6|
    |select_ln1494_79_fu_3038_p3  |  select  |      0|  0|   6|           1|           6|
    |select_ln1494_80_fu_3176_p3  |  select  |      0|  0|   6|           1|           6|
    |select_ln1494_81_fu_3314_p3  |  select  |      0|  0|   6|           1|           6|
    |select_ln1494_82_fu_3452_p3  |  select  |      0|  0|   6|           1|           6|
    |select_ln1494_83_fu_3590_p3  |  select  |      0|  0|   6|           1|           6|
    |select_ln1494_84_fu_3728_p3  |  select  |      0|  0|   6|           1|           6|
    |select_ln1494_85_fu_3866_p3  |  select  |      0|  0|   6|           1|           6|
    |select_ln1494_86_fu_4004_p3  |  select  |      0|  0|   6|           1|           6|
    |select_ln1494_87_fu_4142_p3  |  select  |      0|  0|   6|           1|           6|
    |select_ln1494_88_fu_4280_p3  |  select  |      0|  0|   6|           1|           6|
    |select_ln1494_89_fu_4418_p3  |  select  |      0|  0|   6|           1|           6|
    |select_ln1494_fu_416_p3      |  select  |      0|  0|   6|           1|           6|
    |select_ln340_10_fu_1788_p3   |  select  |      0|  0|   6|           1|           6|
    |select_ln340_11_fu_1926_p3   |  select  |      0|  0|   6|           1|           6|
    |select_ln340_12_fu_2064_p3   |  select  |      0|  0|   6|           1|           6|
    |select_ln340_13_fu_2202_p3   |  select  |      0|  0|   6|           1|           6|
    |select_ln340_14_fu_2340_p3   |  select  |      0|  0|   6|           1|           6|
    |select_ln340_15_fu_2478_p3   |  select  |      0|  0|   6|           1|           6|
    |select_ln340_17_fu_2616_p3   |  select  |      0|  0|   6|           1|           6|
    |select_ln340_18_fu_2754_p3   |  select  |      0|  0|   6|           1|           6|
    |select_ln340_19_fu_2892_p3   |  select  |      0|  0|   6|           1|           6|
    |select_ln340_1_fu_546_p3     |  select  |      0|  0|   6|           1|           6|
    |select_ln340_20_fu_3030_p3   |  select  |      0|  0|   6|           1|           6|
    |select_ln340_21_fu_3168_p3   |  select  |      0|  0|   6|           1|           6|
    |select_ln340_22_fu_3306_p3   |  select  |      0|  0|   6|           1|           6|
    |select_ln340_23_fu_3444_p3   |  select  |      0|  0|   6|           1|           6|
    |select_ln340_24_fu_3582_p3   |  select  |      0|  0|   6|           1|           6|
    |select_ln340_25_fu_3720_p3   |  select  |      0|  0|   6|           1|           6|
    |select_ln340_26_fu_3858_p3   |  select  |      0|  0|   6|           1|           6|
    |select_ln340_27_fu_3996_p3   |  select  |      0|  0|   6|           1|           6|
    |select_ln340_28_fu_4134_p3   |  select  |      0|  0|   6|           1|           6|
    |select_ln340_29_fu_4272_p3   |  select  |      0|  0|   6|           1|           6|
    |select_ln340_2_fu_684_p3     |  select  |      0|  0|   6|           1|           6|
    |select_ln340_30_fu_4410_p3   |  select  |      0|  0|   6|           1|           6|
    |select_ln340_3_fu_822_p3     |  select  |      0|  0|   6|           1|           6|
    |select_ln340_4_fu_960_p3     |  select  |      0|  0|   6|           1|           6|
    |select_ln340_5_fu_1098_p3    |  select  |      0|  0|   6|           1|           6|
    |select_ln340_6_fu_1236_p3    |  select  |      0|  0|   6|           1|           6|
    |select_ln340_7_fu_1374_p3    |  select  |      0|  0|   6|           1|           6|
    |select_ln340_8_fu_1512_p3    |  select  |      0|  0|   6|           1|           6|
    |select_ln340_9_fu_1650_p3    |  select  |      0|  0|   6|           1|           6|
    |select_ln340_fu_408_p3       |  select  |      0|  0|   6|           1|           6|
    |select_ln777_61_fu_538_p3    |  select  |      0|  0|   2|           1|           1|
    |select_ln777_62_fu_676_p3    |  select  |      0|  0|   2|           1|           1|
    |select_ln777_63_fu_814_p3    |  select  |      0|  0|   2|           1|           1|
    |select_ln777_64_fu_952_p3    |  select  |      0|  0|   2|           1|           1|
    |select_ln777_65_fu_1090_p3   |  select  |      0|  0|   2|           1|           1|
    |select_ln777_66_fu_1228_p3   |  select  |      0|  0|   2|           1|           1|
    |select_ln777_67_fu_1366_p3   |  select  |      0|  0|   2|           1|           1|
    |select_ln777_68_fu_1504_p3   |  select  |      0|  0|   2|           1|           1|
    |select_ln777_69_fu_1642_p3   |  select  |      0|  0|   2|           1|           1|
    |select_ln777_70_fu_1780_p3   |  select  |      0|  0|   2|           1|           1|
    |select_ln777_71_fu_1918_p3   |  select  |      0|  0|   2|           1|           1|
    |select_ln777_72_fu_2056_p3   |  select  |      0|  0|   2|           1|           1|
    |select_ln777_73_fu_2194_p3   |  select  |      0|  0|   2|           1|           1|
    |select_ln777_74_fu_2332_p3   |  select  |      0|  0|   2|           1|           1|
    |select_ln777_75_fu_2470_p3   |  select  |      0|  0|   2|           1|           1|
    |select_ln777_76_fu_2608_p3   |  select  |      0|  0|   2|           1|           1|
    |select_ln777_77_fu_2746_p3   |  select  |      0|  0|   2|           1|           1|
    |select_ln777_78_fu_2884_p3   |  select  |      0|  0|   2|           1|           1|
    |select_ln777_79_fu_3022_p3   |  select  |      0|  0|   2|           1|           1|
    |select_ln777_80_fu_3160_p3   |  select  |      0|  0|   2|           1|           1|
    |select_ln777_81_fu_3298_p3   |  select  |      0|  0|   2|           1|           1|
    |select_ln777_82_fu_3436_p3   |  select  |      0|  0|   2|           1|           1|
    |select_ln777_83_fu_3574_p3   |  select  |      0|  0|   2|           1|           1|
    |select_ln777_84_fu_3712_p3   |  select  |      0|  0|   2|           1|           1|
    |select_ln777_85_fu_3850_p3   |  select  |      0|  0|   2|           1|           1|
    |select_ln777_86_fu_3988_p3   |  select  |      0|  0|   2|           1|           1|
    |select_ln777_87_fu_4126_p3   |  select  |      0|  0|   2|           1|           1|
    |select_ln777_88_fu_4264_p3   |  select  |      0|  0|   2|           1|           1|
    |select_ln777_89_fu_4402_p3   |  select  |      0|  0|   2|           1|           1|
    |select_ln777_fu_400_p3       |  select  |      0|  0|   2|           1|           1|
    |xor_ln416_61_fu_504_p2       |    xor   |      0|  0|   2|           1|           2|
    |xor_ln416_62_fu_642_p2       |    xor   |      0|  0|   2|           1|           2|
    |xor_ln416_63_fu_780_p2       |    xor   |      0|  0|   2|           1|           2|
    |xor_ln416_64_fu_918_p2       |    xor   |      0|  0|   2|           1|           2|
    |xor_ln416_65_fu_1056_p2      |    xor   |      0|  0|   2|           1|           2|
    |xor_ln416_66_fu_1194_p2      |    xor   |      0|  0|   2|           1|           2|
    |xor_ln416_67_fu_1332_p2      |    xor   |      0|  0|   2|           1|           2|
    |xor_ln416_68_fu_1470_p2      |    xor   |      0|  0|   2|           1|           2|
    |xor_ln416_69_fu_1608_p2      |    xor   |      0|  0|   2|           1|           2|
    |xor_ln416_70_fu_1746_p2      |    xor   |      0|  0|   2|           1|           2|
    |xor_ln416_71_fu_1884_p2      |    xor   |      0|  0|   2|           1|           2|
    |xor_ln416_72_fu_2022_p2      |    xor   |      0|  0|   2|           1|           2|
    |xor_ln416_73_fu_2160_p2      |    xor   |      0|  0|   2|           1|           2|
    |xor_ln416_74_fu_2298_p2      |    xor   |      0|  0|   2|           1|           2|
    |xor_ln416_75_fu_2436_p2      |    xor   |      0|  0|   2|           1|           2|
    |xor_ln416_76_fu_2574_p2      |    xor   |      0|  0|   2|           1|           2|
    |xor_ln416_77_fu_2712_p2      |    xor   |      0|  0|   2|           1|           2|
    |xor_ln416_78_fu_2850_p2      |    xor   |      0|  0|   2|           1|           2|
    |xor_ln416_79_fu_2988_p2      |    xor   |      0|  0|   2|           1|           2|
    |xor_ln416_80_fu_3126_p2      |    xor   |      0|  0|   2|           1|           2|
    |xor_ln416_81_fu_3264_p2      |    xor   |      0|  0|   2|           1|           2|
    |xor_ln416_82_fu_3402_p2      |    xor   |      0|  0|   2|           1|           2|
    |xor_ln416_83_fu_3540_p2      |    xor   |      0|  0|   2|           1|           2|
    |xor_ln416_84_fu_3678_p2      |    xor   |      0|  0|   2|           1|           2|
    |xor_ln416_85_fu_3816_p2      |    xor   |      0|  0|   2|           1|           2|
    |xor_ln416_86_fu_3954_p2      |    xor   |      0|  0|   2|           1|           2|
    |xor_ln416_87_fu_4092_p2      |    xor   |      0|  0|   2|           1|           2|
    |xor_ln416_88_fu_4230_p2      |    xor   |      0|  0|   2|           1|           2|
    |xor_ln416_89_fu_4368_p2      |    xor   |      0|  0|   2|           1|           2|
    |xor_ln416_fu_366_p2          |    xor   |      0|  0|   2|           1|           2|
    +-----------------------------+----------+-------+---+----+------------+------------+
    |Total                        |          |      0|  0|2580|        1560|         870|
    +-----------------------------+----------+-------+---+----+------------+------------+

    * Multiplexer: 
    N/A

    * Register: 
    N/A



================================================================
== Interface
================================================================
* Summary: 
+----------------+-----+-----+------------+------------------------------------------------------------------------+--------------+
|    RTL Ports   | Dir | Bits|  Protocol  |                              Source Object                             |    C Type    |
+----------------+-----+-----+------------+------------------------------------------------------------------------+--------------+
|ap_ready        | out |    1| ap_ctrl_hs | relu<ap_fixed<19, 8, 5, 3, 0>, ap_ufixed<6, 0, 4, 0, 0>, relu_config7> | return value |
|ap_return_0     | out |    6| ap_ctrl_hs | relu<ap_fixed<19, 8, 5, 3, 0>, ap_ufixed<6, 0, 4, 0, 0>, relu_config7> | return value |
|ap_return_1     | out |    6| ap_ctrl_hs | relu<ap_fixed<19, 8, 5, 3, 0>, ap_ufixed<6, 0, 4, 0, 0>, relu_config7> | return value |
|ap_return_2     | out |    6| ap_ctrl_hs | relu<ap_fixed<19, 8, 5, 3, 0>, ap_ufixed<6, 0, 4, 0, 0>, relu_config7> | return value |
|ap_return_3     | out |    6| ap_ctrl_hs | relu<ap_fixed<19, 8, 5, 3, 0>, ap_ufixed<6, 0, 4, 0, 0>, relu_config7> | return value |
|ap_return_4     | out |    6| ap_ctrl_hs | relu<ap_fixed<19, 8, 5, 3, 0>, ap_ufixed<6, 0, 4, 0, 0>, relu_config7> | return value |
|ap_return_5     | out |    6| ap_ctrl_hs | relu<ap_fixed<19, 8, 5, 3, 0>, ap_ufixed<6, 0, 4, 0, 0>, relu_config7> | return value |
|ap_return_6     | out |    6| ap_ctrl_hs | relu<ap_fixed<19, 8, 5, 3, 0>, ap_ufixed<6, 0, 4, 0, 0>, relu_config7> | return value |
|ap_return_7     | out |    6| ap_ctrl_hs | relu<ap_fixed<19, 8, 5, 3, 0>, ap_ufixed<6, 0, 4, 0, 0>, relu_config7> | return value |
|ap_return_8     | out |    6| ap_ctrl_hs | relu<ap_fixed<19, 8, 5, 3, 0>, ap_ufixed<6, 0, 4, 0, 0>, relu_config7> | return value |
|ap_return_9     | out |    6| ap_ctrl_hs | relu<ap_fixed<19, 8, 5, 3, 0>, ap_ufixed<6, 0, 4, 0, 0>, relu_config7> | return value |
|ap_return_10    | out |    6| ap_ctrl_hs | relu<ap_fixed<19, 8, 5, 3, 0>, ap_ufixed<6, 0, 4, 0, 0>, relu_config7> | return value |
|ap_return_11    | out |    6| ap_ctrl_hs | relu<ap_fixed<19, 8, 5, 3, 0>, ap_ufixed<6, 0, 4, 0, 0>, relu_config7> | return value |
|ap_return_12    | out |    6| ap_ctrl_hs | relu<ap_fixed<19, 8, 5, 3, 0>, ap_ufixed<6, 0, 4, 0, 0>, relu_config7> | return value |
|ap_return_13    | out |    6| ap_ctrl_hs | relu<ap_fixed<19, 8, 5, 3, 0>, ap_ufixed<6, 0, 4, 0, 0>, relu_config7> | return value |
|ap_return_14    | out |    6| ap_ctrl_hs | relu<ap_fixed<19, 8, 5, 3, 0>, ap_ufixed<6, 0, 4, 0, 0>, relu_config7> | return value |
|ap_return_15    | out |    6| ap_ctrl_hs | relu<ap_fixed<19, 8, 5, 3, 0>, ap_ufixed<6, 0, 4, 0, 0>, relu_config7> | return value |
|ap_return_16    | out |    6| ap_ctrl_hs | relu<ap_fixed<19, 8, 5, 3, 0>, ap_ufixed<6, 0, 4, 0, 0>, relu_config7> | return value |
|ap_return_17    | out |    6| ap_ctrl_hs | relu<ap_fixed<19, 8, 5, 3, 0>, ap_ufixed<6, 0, 4, 0, 0>, relu_config7> | return value |
|ap_return_18    | out |    6| ap_ctrl_hs | relu<ap_fixed<19, 8, 5, 3, 0>, ap_ufixed<6, 0, 4, 0, 0>, relu_config7> | return value |
|ap_return_19    | out |    6| ap_ctrl_hs | relu<ap_fixed<19, 8, 5, 3, 0>, ap_ufixed<6, 0, 4, 0, 0>, relu_config7> | return value |
|ap_return_20    | out |    6| ap_ctrl_hs | relu<ap_fixed<19, 8, 5, 3, 0>, ap_ufixed<6, 0, 4, 0, 0>, relu_config7> | return value |
|ap_return_21    | out |    6| ap_ctrl_hs | relu<ap_fixed<19, 8, 5, 3, 0>, ap_ufixed<6, 0, 4, 0, 0>, relu_config7> | return value |
|ap_return_22    | out |    6| ap_ctrl_hs | relu<ap_fixed<19, 8, 5, 3, 0>, ap_ufixed<6, 0, 4, 0, 0>, relu_config7> | return value |
|ap_return_23    | out |    6| ap_ctrl_hs | relu<ap_fixed<19, 8, 5, 3, 0>, ap_ufixed<6, 0, 4, 0, 0>, relu_config7> | return value |
|ap_return_24    | out |    6| ap_ctrl_hs | relu<ap_fixed<19, 8, 5, 3, 0>, ap_ufixed<6, 0, 4, 0, 0>, relu_config7> | return value |
|ap_return_25    | out |    6| ap_ctrl_hs | relu<ap_fixed<19, 8, 5, 3, 0>, ap_ufixed<6, 0, 4, 0, 0>, relu_config7> | return value |
|ap_return_26    | out |    6| ap_ctrl_hs | relu<ap_fixed<19, 8, 5, 3, 0>, ap_ufixed<6, 0, 4, 0, 0>, relu_config7> | return value |
|ap_return_27    | out |    6| ap_ctrl_hs | relu<ap_fixed<19, 8, 5, 3, 0>, ap_ufixed<6, 0, 4, 0, 0>, relu_config7> | return value |
|ap_return_28    | out |    6| ap_ctrl_hs | relu<ap_fixed<19, 8, 5, 3, 0>, ap_ufixed<6, 0, 4, 0, 0>, relu_config7> | return value |
|ap_return_29    | out |    6| ap_ctrl_hs | relu<ap_fixed<19, 8, 5, 3, 0>, ap_ufixed<6, 0, 4, 0, 0>, relu_config7> | return value |
|data_0_V_read   |  in |   19|   ap_none  |                              data_0_V_read                             |    scalar    |
|data_1_V_read   |  in |   19|   ap_none  |                              data_1_V_read                             |    scalar    |
|data_2_V_read   |  in |   19|   ap_none  |                              data_2_V_read                             |    scalar    |
|data_3_V_read   |  in |   19|   ap_none  |                              data_3_V_read                             |    scalar    |
|data_4_V_read   |  in |   19|   ap_none  |                              data_4_V_read                             |    scalar    |
|data_5_V_read   |  in |   19|   ap_none  |                              data_5_V_read                             |    scalar    |
|data_6_V_read   |  in |   19|   ap_none  |                              data_6_V_read                             |    scalar    |
|data_7_V_read   |  in |   19|   ap_none  |                              data_7_V_read                             |    scalar    |
|data_8_V_read   |  in |   19|   ap_none  |                              data_8_V_read                             |    scalar    |
|data_9_V_read   |  in |   19|   ap_none  |                              data_9_V_read                             |    scalar    |
|data_10_V_read  |  in |   19|   ap_none  |                             data_10_V_read                             |    scalar    |
|data_11_V_read  |  in |   19|   ap_none  |                             data_11_V_read                             |    scalar    |
|data_12_V_read  |  in |   19|   ap_none  |                             data_12_V_read                             |    scalar    |
|data_13_V_read  |  in |   19|   ap_none  |                             data_13_V_read                             |    scalar    |
|data_14_V_read  |  in |   19|   ap_none  |                             data_14_V_read                             |    scalar    |
|data_15_V_read  |  in |   19|   ap_none  |                             data_15_V_read                             |    scalar    |
|data_17_V_read  |  in |   19|   ap_none  |                             data_17_V_read                             |    scalar    |
|data_18_V_read  |  in |   19|   ap_none  |                             data_18_V_read                             |    scalar    |
|data_19_V_read  |  in |   19|   ap_none  |                             data_19_V_read                             |    scalar    |
|data_20_V_read  |  in |   19|   ap_none  |                             data_20_V_read                             |    scalar    |
|data_21_V_read  |  in |   19|   ap_none  |                             data_21_V_read                             |    scalar    |
|data_22_V_read  |  in |   19|   ap_none  |                             data_22_V_read                             |    scalar    |
|data_23_V_read  |  in |   19|   ap_none  |                             data_23_V_read                             |    scalar    |
|data_24_V_read  |  in |   19|   ap_none  |                             data_24_V_read                             |    scalar    |
|data_25_V_read  |  in |   19|   ap_none  |                             data_25_V_read                             |    scalar    |
|data_26_V_read  |  in |   19|   ap_none  |                             data_26_V_read                             |    scalar    |
|data_27_V_read  |  in |   19|   ap_none  |                             data_27_V_read                             |    scalar    |
|data_28_V_read  |  in |   19|   ap_none  |                             data_28_V_read                             |    scalar    |
|data_29_V_read  |  in |   19|   ap_none  |                             data_29_V_read                             |    scalar    |
|data_30_V_read  |  in |   19|   ap_none  |                             data_30_V_read                             |    scalar    |
+----------------+-----+-----+------------+------------------------------------------------------------------------+--------------+

