

================================================================
== Vivado HLS Report for 'relu_ap_fixed_18_7_5_3_0_ap_ufixed_6_0_4_0_0_relu_config10_s'
================================================================
* Date:           Wed Jun  4 15:25:45 2025

* Version:        2020.1 (Build 2897737 on Wed May 27 20:21:37 MDT 2020)
* Project:        myproject_prj
* Solution:       solution1
* Product family: zynq
* Target device:  xc7z020-clg400-1


================================================================
== Performance Estimates
================================================================
+ Timing: 
    * Summary: 
    +--------+---------+----------+------------+
    |  Clock |  Target | Estimated| Uncertainty|
    +--------+---------+----------+------------+
    |ap_clk  | 5.00 ns | 4.315 ns |   0.62 ns  |
    +--------+---------+----------+------------+

+ Latency: 
    * Summary: 
    +---------+---------+----------+----------+-----+-----+----------+
    |  Latency (cycles) |  Latency (absolute) |  Interval | Pipeline |
    |   min   |   max   |    min   |    max   | min | max |   Type   |
    +---------+---------+----------+----------+-----+-----+----------+
    |        0|        0|   0 ns   |   0 ns   |    1|    1| function |
    +---------+---------+----------+----------+-----+-----+----------+

    + Detail: 
        * Instance: 
        N/A

        * Loop: 
        N/A



================================================================
== Utilization Estimates
================================================================
* Summary: 
+-----------------+---------+-------+--------+-------+-----+
|       Name      | BRAM_18K| DSP48E|   FF   |  LUT  | URAM|
+-----------------+---------+-------+--------+-------+-----+
|DSP              |        -|      -|       -|      -|    -|
|Expression       |        -|      -|       0|   2322|    -|
|FIFO             |        -|      -|       -|      -|    -|
|Instance         |        -|      -|       -|      -|    -|
|Memory           |        -|      -|       -|      -|    -|
|Multiplexer      |        -|      -|       -|      -|    -|
|Register         |        -|      -|       -|      -|    -|
+-----------------+---------+-------+--------+-------+-----+
|Total            |        0|      0|       0|   2322|    0|
+-----------------+---------+-------+--------+-------+-----+
|Available        |      280|    220|  106400|  53200|    0|
+-----------------+---------+-------+--------+-------+-----+
|Utilization (%)  |        0|      0|       0|      4|    0|
+-----------------+---------+-------+--------+-------+-----+

+ Detail: 
    * Instance: 
    N/A

    * DSP48E: 
    N/A

    * Memory: 
    N/A

    * FIFO: 
    N/A

    * Expression: 
    +------------------------------+----------+-------+---+----+------------+------------+
    |         Variable Name        | Operation| DSP48E| FF| LUT| Bitwidth P0| Bitwidth P1|
    +------------------------------+----------+-------+---+----+------------+------------+
    |add_ln415_100_fu_1846_p2      |     +    |      0|  0|  15|           6|           6|
    |add_ln415_101_fu_1984_p2      |     +    |      0|  0|  15|           6|           6|
    |add_ln415_102_fu_2122_p2      |     +    |      0|  0|  15|           6|           6|
    |add_ln415_103_fu_2260_p2      |     +    |      0|  0|  15|           6|           6|
    |add_ln415_104_fu_2398_p2      |     +    |      0|  0|  15|           6|           6|
    |add_ln415_105_fu_2536_p2      |     +    |      0|  0|  15|           6|           6|
    |add_ln415_106_fu_2674_p2      |     +    |      0|  0|  15|           6|           6|
    |add_ln415_107_fu_2812_p2      |     +    |      0|  0|  15|           6|           6|
    |add_ln415_108_fu_2950_p2      |     +    |      0|  0|  15|           6|           6|
    |add_ln415_109_fu_3088_p2      |     +    |      0|  0|  15|           6|           6|
    |add_ln415_110_fu_3226_p2      |     +    |      0|  0|  15|           6|           6|
    |add_ln415_111_fu_3364_p2      |     +    |      0|  0|  15|           6|           6|
    |add_ln415_112_fu_3502_p2      |     +    |      0|  0|  15|           6|           6|
    |add_ln415_113_fu_3640_p2      |     +    |      0|  0|  15|           6|           6|
    |add_ln415_114_fu_3778_p2      |     +    |      0|  0|  15|           6|           6|
    |add_ln415_115_fu_3916_p2      |     +    |      0|  0|  15|           6|           6|
    |add_ln415_90_fu_466_p2        |     +    |      0|  0|  15|           6|           6|
    |add_ln415_91_fu_604_p2        |     +    |      0|  0|  15|           6|           6|
    |add_ln415_92_fu_742_p2        |     +    |      0|  0|  15|           6|           6|
    |add_ln415_93_fu_880_p2        |     +    |      0|  0|  15|           6|           6|
    |add_ln415_94_fu_1018_p2       |     +    |      0|  0|  15|           6|           6|
    |add_ln415_95_fu_1156_p2       |     +    |      0|  0|  15|           6|           6|
    |add_ln415_96_fu_1294_p2       |     +    |      0|  0|  15|           6|           6|
    |add_ln415_97_fu_1432_p2       |     +    |      0|  0|  15|           6|           6|
    |add_ln415_98_fu_1570_p2       |     +    |      0|  0|  15|           6|           6|
    |add_ln415_99_fu_1708_p2       |     +    |      0|  0|  15|           6|           6|
    |add_ln415_fu_328_p2           |     +    |      0|  0|  15|           6|           6|
    |and_ln415_10_fu_1560_p2       |    and   |      0|  0|   2|           1|           1|
    |and_ln415_11_fu_1698_p2       |    and   |      0|  0|   2|           1|           1|
    |and_ln415_12_fu_1836_p2       |    and   |      0|  0|   2|           1|           1|
    |and_ln415_14_fu_1974_p2       |    and   |      0|  0|   2|           1|           1|
    |and_ln415_15_fu_2112_p2       |    and   |      0|  0|   2|           1|           1|
    |and_ln415_16_fu_2250_p2       |    and   |      0|  0|   2|           1|           1|
    |and_ln415_17_fu_2388_p2       |    and   |      0|  0|   2|           1|           1|
    |and_ln415_18_fu_2526_p2       |    and   |      0|  0|   2|           1|           1|
    |and_ln415_19_fu_2664_p2       |    and   |      0|  0|   2|           1|           1|
    |and_ln415_1_fu_456_p2         |    and   |      0|  0|   2|           1|           1|
    |and_ln415_20_fu_2802_p2       |    and   |      0|  0|   2|           1|           1|
    |and_ln415_21_fu_2940_p2       |    and   |      0|  0|   2|           1|           1|
    |and_ln415_23_fu_3078_p2       |    and   |      0|  0|   2|           1|           1|
    |and_ln415_24_fu_3216_p2       |    and   |      0|  0|   2|           1|           1|
    |and_ln415_25_fu_3354_p2       |    and   |      0|  0|   2|           1|           1|
    |and_ln415_26_fu_3492_p2       |    and   |      0|  0|   2|           1|           1|
    |and_ln415_29_fu_3630_p2       |    and   |      0|  0|   2|           1|           1|
    |and_ln415_30_fu_3768_p2       |    and   |      0|  0|   2|           1|           1|
    |and_ln415_31_fu_3906_p2       |    and   |      0|  0|   2|           1|           1|
    |and_ln415_3_fu_594_p2         |    and   |      0|  0|   2|           1|           1|
    |and_ln415_4_fu_732_p2         |    and   |      0|  0|   2|           1|           1|
    |and_ln415_5_fu_870_p2         |    and   |      0|  0|   2|           1|           1|
    |and_ln415_6_fu_1008_p2        |    and   |      0|  0|   2|           1|           1|
    |and_ln415_7_fu_1146_p2        |    and   |      0|  0|   2|           1|           1|
    |and_ln415_8_fu_1284_p2        |    and   |      0|  0|   2|           1|           1|
    |and_ln415_9_fu_1422_p2        |    and   |      0|  0|   2|           1|           1|
    |and_ln415_fu_318_p2           |    and   |      0|  0|   2|           1|           1|
    |and_ln416_100_fu_1866_p2      |    and   |      0|  0|   2|           1|           1|
    |and_ln416_101_fu_2004_p2      |    and   |      0|  0|   2|           1|           1|
    |and_ln416_102_fu_2142_p2      |    and   |      0|  0|   2|           1|           1|
    |and_ln416_103_fu_2280_p2      |    and   |      0|  0|   2|           1|           1|
    |and_ln416_104_fu_2418_p2      |    and   |      0|  0|   2|           1|           1|
    |and_ln416_105_fu_2556_p2      |    and   |      0|  0|   2|           1|           1|
    |and_ln416_106_fu_2694_p2      |    and   |      0|  0|   2|           1|           1|
    |and_ln416_107_fu_2832_p2      |    and   |      0|  0|   2|           1|           1|
    |and_ln416_108_fu_2970_p2      |    and   |      0|  0|   2|           1|           1|
    |and_ln416_109_fu_3108_p2      |    and   |      0|  0|   2|           1|           1|
    |and_ln416_110_fu_3246_p2      |    and   |      0|  0|   2|           1|           1|
    |and_ln416_111_fu_3384_p2      |    and   |      0|  0|   2|           1|           1|
    |and_ln416_112_fu_3522_p2      |    and   |      0|  0|   2|           1|           1|
    |and_ln416_113_fu_3660_p2      |    and   |      0|  0|   2|           1|           1|
    |and_ln416_114_fu_3798_p2      |    and   |      0|  0|   2|           1|           1|
    |and_ln416_115_fu_3936_p2      |    and   |      0|  0|   2|           1|           1|
    |and_ln416_90_fu_486_p2        |    and   |      0|  0|   2|           1|           1|
    |and_ln416_91_fu_624_p2        |    and   |      0|  0|   2|           1|           1|
    |and_ln416_92_fu_762_p2        |    and   |      0|  0|   2|           1|           1|
    |and_ln416_93_fu_900_p2        |    and   |      0|  0|   2|           1|           1|
    |and_ln416_94_fu_1038_p2       |    and   |      0|  0|   2|           1|           1|
    |and_ln416_95_fu_1176_p2       |    and   |      0|  0|   2|           1|           1|
    |and_ln416_96_fu_1314_p2       |    and   |      0|  0|   2|           1|           1|
    |and_ln416_97_fu_1452_p2       |    and   |      0|  0|   2|           1|           1|
    |and_ln416_98_fu_1590_p2       |    and   |      0|  0|   2|           1|           1|
    |and_ln416_99_fu_1728_p2       |    and   |      0|  0|   2|           1|           1|
    |and_ln416_fu_348_p2           |    and   |      0|  0|   2|           1|           1|
    |icmp_ln1494_10_fu_1504_p2     |   icmp   |      0|  0|  18|          18|           1|
    |icmp_ln1494_11_fu_1642_p2     |   icmp   |      0|  0|  18|          18|           1|
    |icmp_ln1494_12_fu_1780_p2     |   icmp   |      0|  0|  18|          18|           1|
    |icmp_ln1494_14_fu_1918_p2     |   icmp   |      0|  0|  18|          18|           1|
    |icmp_ln1494_15_fu_2056_p2     |   icmp   |      0|  0|  18|          18|           1|
    |icmp_ln1494_16_fu_2194_p2     |   icmp   |      0|  0|  18|          18|           1|
    |icmp_ln1494_17_fu_2332_p2     |   icmp   |      0|  0|  18|          18|           1|
    |icmp_ln1494_18_fu_2470_p2     |   icmp   |      0|  0|  18|          18|           1|
    |icmp_ln1494_19_fu_2608_p2     |   icmp   |      0|  0|  18|          18|           1|
    |icmp_ln1494_1_fu_400_p2       |   icmp   |      0|  0|  18|          18|           1|
    |icmp_ln1494_20_fu_2746_p2     |   icmp   |      0|  0|  18|          18|           1|
    |icmp_ln1494_21_fu_2884_p2     |   icmp   |      0|  0|  18|          18|           1|
    |icmp_ln1494_23_fu_3022_p2     |   icmp   |      0|  0|  18|          18|           1|
    |icmp_ln1494_24_fu_3160_p2     |   icmp   |      0|  0|  18|          18|           1|
    |icmp_ln1494_25_fu_3298_p2     |   icmp   |      0|  0|  18|          18|           1|
    |icmp_ln1494_26_fu_3436_p2     |   icmp   |      0|  0|  18|          18|           1|
    |icmp_ln1494_29_fu_3574_p2     |   icmp   |      0|  0|  18|          18|           1|
    |icmp_ln1494_30_fu_3712_p2     |   icmp   |      0|  0|  18|          18|           1|
    |icmp_ln1494_31_fu_3850_p2     |   icmp   |      0|  0|  18|          18|           1|
    |icmp_ln1494_3_fu_538_p2       |   icmp   |      0|  0|  18|          18|           1|
    |icmp_ln1494_4_fu_676_p2       |   icmp   |      0|  0|  18|          18|           1|
    |icmp_ln1494_5_fu_814_p2       |   icmp   |      0|  0|  18|          18|           1|
    |icmp_ln1494_6_fu_952_p2       |   icmp   |      0|  0|  18|          18|           1|
    |icmp_ln1494_7_fu_1090_p2      |   icmp   |      0|  0|  18|          18|           1|
    |icmp_ln1494_8_fu_1228_p2      |   icmp   |      0|  0|  18|          18|           1|
    |icmp_ln1494_9_fu_1366_p2      |   icmp   |      0|  0|  18|          18|           1|
    |icmp_ln1494_fu_262_p2         |   icmp   |      0|  0|  18|          18|           1|
    |icmp_ln718_100_fu_1808_p2     |   icmp   |      0|  0|   9|           4|           1|
    |icmp_ln718_101_fu_1946_p2     |   icmp   |      0|  0|   9|           4|           1|
    |icmp_ln718_102_fu_2084_p2     |   icmp   |      0|  0|   9|           4|           1|
    |icmp_ln718_103_fu_2222_p2     |   icmp   |      0|  0|   9|           4|           1|
    |icmp_ln718_104_fu_2360_p2     |   icmp   |      0|  0|   9|           4|           1|
    |icmp_ln718_105_fu_2498_p2     |   icmp   |      0|  0|   9|           4|           1|
    |icmp_ln718_106_fu_2636_p2     |   icmp   |      0|  0|   9|           4|           1|
    |icmp_ln718_107_fu_2774_p2     |   icmp   |      0|  0|   9|           4|           1|
    |icmp_ln718_108_fu_2912_p2     |   icmp   |      0|  0|   9|           4|           1|
    |icmp_ln718_109_fu_3050_p2     |   icmp   |      0|  0|   9|           4|           1|
    |icmp_ln718_110_fu_3188_p2     |   icmp   |      0|  0|   9|           4|           1|
    |icmp_ln718_111_fu_3326_p2     |   icmp   |      0|  0|   9|           4|           1|
    |icmp_ln718_112_fu_3464_p2     |   icmp   |      0|  0|   9|           4|           1|
    |icmp_ln718_113_fu_3602_p2     |   icmp   |      0|  0|   9|           4|           1|
    |icmp_ln718_114_fu_3740_p2     |   icmp   |      0|  0|   9|           4|           1|
    |icmp_ln718_115_fu_3878_p2     |   icmp   |      0|  0|   9|           4|           1|
    |icmp_ln718_90_fu_428_p2       |   icmp   |      0|  0|   9|           4|           1|
    |icmp_ln718_91_fu_566_p2       |   icmp   |      0|  0|   9|           4|           1|
    |icmp_ln718_92_fu_704_p2       |   icmp   |      0|  0|   9|           4|           1|
    |icmp_ln718_93_fu_842_p2       |   icmp   |      0|  0|   9|           4|           1|
    |icmp_ln718_94_fu_980_p2       |   icmp   |      0|  0|   9|           4|           1|
    |icmp_ln718_95_fu_1118_p2      |   icmp   |      0|  0|   9|           4|           1|
    |icmp_ln718_96_fu_1256_p2      |   icmp   |      0|  0|   9|           4|           1|
    |icmp_ln718_97_fu_1394_p2      |   icmp   |      0|  0|   9|           4|           1|
    |icmp_ln718_98_fu_1532_p2      |   icmp   |      0|  0|   9|           4|           1|
    |icmp_ln718_99_fu_1670_p2      |   icmp   |      0|  0|   9|           4|           1|
    |icmp_ln718_fu_290_p2          |   icmp   |      0|  0|   9|           4|           1|
    |icmp_ln768_100_fu_1888_p2     |   icmp   |      0|  0|  11|           7|           1|
    |icmp_ln768_101_fu_2026_p2     |   icmp   |      0|  0|  11|           7|           1|
    |icmp_ln768_102_fu_2164_p2     |   icmp   |      0|  0|  11|           7|           1|
    |icmp_ln768_103_fu_2302_p2     |   icmp   |      0|  0|  11|           7|           1|
    |icmp_ln768_104_fu_2440_p2     |   icmp   |      0|  0|  11|           7|           1|
    |icmp_ln768_105_fu_2578_p2     |   icmp   |      0|  0|  11|           7|           1|
    |icmp_ln768_106_fu_2716_p2     |   icmp   |      0|  0|  11|           7|           1|
    |icmp_ln768_107_fu_2854_p2     |   icmp   |      0|  0|  11|           7|           1|
    |icmp_ln768_108_fu_2992_p2     |   icmp   |      0|  0|  11|           7|           1|
    |icmp_ln768_109_fu_3130_p2     |   icmp   |      0|  0|  11|           7|           1|
    |icmp_ln768_110_fu_3268_p2     |   icmp   |      0|  0|  11|           7|           1|
    |icmp_ln768_111_fu_3406_p2     |   icmp   |      0|  0|  11|           7|           1|
    |icmp_ln768_112_fu_3544_p2     |   icmp   |      0|  0|  11|           7|           1|
    |icmp_ln768_113_fu_3682_p2     |   icmp   |      0|  0|  11|           7|           1|
    |icmp_ln768_114_fu_3820_p2     |   icmp   |      0|  0|  11|           7|           1|
    |icmp_ln768_115_fu_3958_p2     |   icmp   |      0|  0|  11|           7|           1|
    |icmp_ln768_90_fu_508_p2       |   icmp   |      0|  0|  11|           7|           1|
    |icmp_ln768_91_fu_646_p2       |   icmp   |      0|  0|  11|           7|           1|
    |icmp_ln768_92_fu_784_p2       |   icmp   |      0|  0|  11|           7|           1|
    |icmp_ln768_93_fu_922_p2       |   icmp   |      0|  0|  11|           7|           1|
    |icmp_ln768_94_fu_1060_p2      |   icmp   |      0|  0|  11|           7|           1|
    |icmp_ln768_95_fu_1198_p2      |   icmp   |      0|  0|  11|           7|           1|
    |icmp_ln768_96_fu_1336_p2      |   icmp   |      0|  0|  11|           7|           1|
    |icmp_ln768_97_fu_1474_p2      |   icmp   |      0|  0|  11|           7|           1|
    |icmp_ln768_98_fu_1612_p2      |   icmp   |      0|  0|  11|           7|           1|
    |icmp_ln768_99_fu_1750_p2      |   icmp   |      0|  0|  11|           7|           1|
    |icmp_ln768_fu_370_p2          |   icmp   |      0|  0|  11|           7|           1|
    |icmp_ln879_100_fu_1882_p2     |   icmp   |      0|  0|  11|           7|           2|
    |icmp_ln879_101_fu_2020_p2     |   icmp   |      0|  0|  11|           7|           2|
    |icmp_ln879_102_fu_2158_p2     |   icmp   |      0|  0|  11|           7|           2|
    |icmp_ln879_103_fu_2296_p2     |   icmp   |      0|  0|  11|           7|           2|
    |icmp_ln879_104_fu_2434_p2     |   icmp   |      0|  0|  11|           7|           2|
    |icmp_ln879_105_fu_2572_p2     |   icmp   |      0|  0|  11|           7|           2|
    |icmp_ln879_106_fu_2710_p2     |   icmp   |      0|  0|  11|           7|           2|
    |icmp_ln879_107_fu_2848_p2     |   icmp   |      0|  0|  11|           7|           2|
    |icmp_ln879_108_fu_2986_p2     |   icmp   |      0|  0|  11|           7|           2|
    |icmp_ln879_109_fu_3124_p2     |   icmp   |      0|  0|  11|           7|           2|
    |icmp_ln879_110_fu_3262_p2     |   icmp   |      0|  0|  11|           7|           2|
    |icmp_ln879_111_fu_3400_p2     |   icmp   |      0|  0|  11|           7|           2|
    |icmp_ln879_112_fu_3538_p2     |   icmp   |      0|  0|  11|           7|           2|
    |icmp_ln879_113_fu_3676_p2     |   icmp   |      0|  0|  11|           7|           2|
    |icmp_ln879_114_fu_3814_p2     |   icmp   |      0|  0|  11|           7|           2|
    |icmp_ln879_115_fu_3952_p2     |   icmp   |      0|  0|  11|           7|           2|
    |icmp_ln879_90_fu_502_p2       |   icmp   |      0|  0|  11|           7|           2|
    |icmp_ln879_91_fu_640_p2       |   icmp   |      0|  0|  11|           7|           2|
    |icmp_ln879_92_fu_778_p2       |   icmp   |      0|  0|  11|           7|           2|
    |icmp_ln879_93_fu_916_p2       |   icmp   |      0|  0|  11|           7|           2|
    |icmp_ln879_94_fu_1054_p2      |   icmp   |      0|  0|  11|           7|           2|
    |icmp_ln879_95_fu_1192_p2      |   icmp   |      0|  0|  11|           7|           2|
    |icmp_ln879_96_fu_1330_p2      |   icmp   |      0|  0|  11|           7|           2|
    |icmp_ln879_97_fu_1468_p2      |   icmp   |      0|  0|  11|           7|           2|
    |icmp_ln879_98_fu_1606_p2      |   icmp   |      0|  0|  11|           7|           2|
    |icmp_ln879_99_fu_1744_p2      |   icmp   |      0|  0|  11|           7|           2|
    |icmp_ln879_fu_364_p2          |   icmp   |      0|  0|  11|           7|           2|
    |or_ln412_100_fu_1822_p2       |    or    |      0|  0|   2|           1|           1|
    |or_ln412_101_fu_1960_p2       |    or    |      0|  0|   2|           1|           1|
    |or_ln412_102_fu_2098_p2       |    or    |      0|  0|   2|           1|           1|
    |or_ln412_103_fu_2236_p2       |    or    |      0|  0|   2|           1|           1|
    |or_ln412_104_fu_2374_p2       |    or    |      0|  0|   2|           1|           1|
    |or_ln412_105_fu_2512_p2       |    or    |      0|  0|   2|           1|           1|
    |or_ln412_106_fu_2650_p2       |    or    |      0|  0|   2|           1|           1|
    |or_ln412_107_fu_2788_p2       |    or    |      0|  0|   2|           1|           1|
    |or_ln412_108_fu_2926_p2       |    or    |      0|  0|   2|           1|           1|
    |or_ln412_109_fu_3064_p2       |    or    |      0|  0|   2|           1|           1|
    |or_ln412_110_fu_3202_p2       |    or    |      0|  0|   2|           1|           1|
    |or_ln412_111_fu_3340_p2       |    or    |      0|  0|   2|           1|           1|
    |or_ln412_112_fu_3478_p2       |    or    |      0|  0|   2|           1|           1|
    |or_ln412_113_fu_3616_p2       |    or    |      0|  0|   2|           1|           1|
    |or_ln412_114_fu_3754_p2       |    or    |      0|  0|   2|           1|           1|
    |or_ln412_115_fu_3892_p2       |    or    |      0|  0|   2|           1|           1|
    |or_ln412_90_fu_442_p2         |    or    |      0|  0|   2|           1|           1|
    |or_ln412_91_fu_580_p2         |    or    |      0|  0|   2|           1|           1|
    |or_ln412_92_fu_718_p2         |    or    |      0|  0|   2|           1|           1|
    |or_ln412_93_fu_856_p2         |    or    |      0|  0|   2|           1|           1|
    |or_ln412_94_fu_994_p2         |    or    |      0|  0|   2|           1|           1|
    |or_ln412_95_fu_1132_p2        |    or    |      0|  0|   2|           1|           1|
    |or_ln412_96_fu_1270_p2        |    or    |      0|  0|   2|           1|           1|
    |or_ln412_97_fu_1408_p2        |    or    |      0|  0|   2|           1|           1|
    |or_ln412_98_fu_1546_p2        |    or    |      0|  0|   2|           1|           1|
    |or_ln412_99_fu_1684_p2        |    or    |      0|  0|   2|           1|           1|
    |or_ln412_fu_304_p2            |    or    |      0|  0|   2|           1|           1|
    |select_ln1494_100_fu_1910_p3  |  select  |      0|  0|   6|           1|           6|
    |select_ln1494_101_fu_2048_p3  |  select  |      0|  0|   6|           1|           6|
    |select_ln1494_102_fu_2186_p3  |  select  |      0|  0|   6|           1|           6|
    |select_ln1494_103_fu_2324_p3  |  select  |      0|  0|   6|           1|           6|
    |select_ln1494_104_fu_2462_p3  |  select  |      0|  0|   6|           1|           6|
    |select_ln1494_105_fu_2600_p3  |  select  |      0|  0|   6|           1|           6|
    |select_ln1494_106_fu_2738_p3  |  select  |      0|  0|   6|           1|           6|
    |select_ln1494_107_fu_2876_p3  |  select  |      0|  0|   6|           1|           6|
    |select_ln1494_108_fu_3014_p3  |  select  |      0|  0|   6|           1|           6|
    |select_ln1494_109_fu_3152_p3  |  select  |      0|  0|   6|           1|           6|
    |select_ln1494_110_fu_3290_p3  |  select  |      0|  0|   6|           1|           6|
    |select_ln1494_111_fu_3428_p3  |  select  |      0|  0|   6|           1|           6|
    |select_ln1494_112_fu_3566_p3  |  select  |      0|  0|   6|           1|           6|
    |select_ln1494_113_fu_3704_p3  |  select  |      0|  0|   6|           1|           6|
    |select_ln1494_114_fu_3842_p3  |  select  |      0|  0|   6|           1|           6|
    |select_ln1494_115_fu_3980_p3  |  select  |      0|  0|   6|           1|           6|
    |select_ln1494_90_fu_530_p3    |  select  |      0|  0|   6|           1|           6|
    |select_ln1494_91_fu_668_p3    |  select  |      0|  0|   6|           1|           6|
    |select_ln1494_92_fu_806_p3    |  select  |      0|  0|   6|           1|           6|
    |select_ln1494_93_fu_944_p3    |  select  |      0|  0|   6|           1|           6|
    |select_ln1494_94_fu_1082_p3   |  select  |      0|  0|   6|           1|           6|
    |select_ln1494_95_fu_1220_p3   |  select  |      0|  0|   6|           1|           6|
    |select_ln1494_96_fu_1358_p3   |  select  |      0|  0|   6|           1|           6|
    |select_ln1494_97_fu_1496_p3   |  select  |      0|  0|   6|           1|           6|
    |select_ln1494_98_fu_1634_p3   |  select  |      0|  0|   6|           1|           6|
    |select_ln1494_99_fu_1772_p3   |  select  |      0|  0|   6|           1|           6|
    |select_ln1494_fu_392_p3       |  select  |      0|  0|   6|           1|           6|
    |select_ln340_10_fu_1626_p3    |  select  |      0|  0|   6|           1|           6|
    |select_ln340_11_fu_1764_p3    |  select  |      0|  0|   6|           1|           6|
    |select_ln340_12_fu_1902_p3    |  select  |      0|  0|   6|           1|           6|
    |select_ln340_14_fu_2040_p3    |  select  |      0|  0|   6|           1|           6|
    |select_ln340_15_fu_2178_p3    |  select  |      0|  0|   6|           1|           6|
    |select_ln340_16_fu_2316_p3    |  select  |      0|  0|   6|           1|           6|
    |select_ln340_17_fu_2454_p3    |  select  |      0|  0|   6|           1|           6|
    |select_ln340_18_fu_2592_p3    |  select  |      0|  0|   6|           1|           6|
    |select_ln340_19_fu_2730_p3    |  select  |      0|  0|   6|           1|           6|
    |select_ln340_1_fu_522_p3      |  select  |      0|  0|   6|           1|           6|
    |select_ln340_20_fu_2868_p3    |  select  |      0|  0|   6|           1|           6|
    |select_ln340_21_fu_3006_p3    |  select  |      0|  0|   6|           1|           6|
    |select_ln340_23_fu_3144_p3    |  select  |      0|  0|   6|           1|           6|
    |select_ln340_24_fu_3282_p3    |  select  |      0|  0|   6|           1|           6|
    |select_ln340_25_fu_3420_p3    |  select  |      0|  0|   6|           1|           6|
    |select_ln340_26_fu_3558_p3    |  select  |      0|  0|   6|           1|           6|
    |select_ln340_29_fu_3696_p3    |  select  |      0|  0|   6|           1|           6|
    |select_ln340_30_fu_3834_p3    |  select  |      0|  0|   6|           1|           6|
    |select_ln340_31_fu_3972_p3    |  select  |      0|  0|   6|           1|           6|
    |select_ln340_3_fu_660_p3      |  select  |      0|  0|   6|           1|           6|
    |select_ln340_4_fu_798_p3      |  select  |      0|  0|   6|           1|           6|
    |select_ln340_5_fu_936_p3      |  select  |      0|  0|   6|           1|           6|
    |select_ln340_6_fu_1074_p3     |  select  |      0|  0|   6|           1|           6|
    |select_ln340_7_fu_1212_p3     |  select  |      0|  0|   6|           1|           6|
    |select_ln340_8_fu_1350_p3     |  select  |      0|  0|   6|           1|           6|
    |select_ln340_9_fu_1488_p3     |  select  |      0|  0|   6|           1|           6|
    |select_ln340_fu_384_p3        |  select  |      0|  0|   6|           1|           6|
    |select_ln777_100_fu_1894_p3   |  select  |      0|  0|   2|           1|           1|
    |select_ln777_101_fu_2032_p3   |  select  |      0|  0|   2|           1|           1|
    |select_ln777_102_fu_2170_p3   |  select  |      0|  0|   2|           1|           1|
    |select_ln777_103_fu_2308_p3   |  select  |      0|  0|   2|           1|           1|
    |select_ln777_104_fu_2446_p3   |  select  |      0|  0|   2|           1|           1|
    |select_ln777_105_fu_2584_p3   |  select  |      0|  0|   2|           1|           1|
    |select_ln777_106_fu_2722_p3   |  select  |      0|  0|   2|           1|           1|
    |select_ln777_107_fu_2860_p3   |  select  |      0|  0|   2|           1|           1|
    |select_ln777_108_fu_2998_p3   |  select  |      0|  0|   2|           1|           1|
    |select_ln777_109_fu_3136_p3   |  select  |      0|  0|   2|           1|           1|
    |select_ln777_110_fu_3274_p3   |  select  |      0|  0|   2|           1|           1|
    |select_ln777_111_fu_3412_p3   |  select  |      0|  0|   2|           1|           1|
    |select_ln777_112_fu_3550_p3   |  select  |      0|  0|   2|           1|           1|
    |select_ln777_113_fu_3688_p3   |  select  |      0|  0|   2|           1|           1|
    |select_ln777_114_fu_3826_p3   |  select  |      0|  0|   2|           1|           1|
    |select_ln777_115_fu_3964_p3   |  select  |      0|  0|   2|           1|           1|
    |select_ln777_90_fu_514_p3     |  select  |      0|  0|   2|           1|           1|
    |select_ln777_91_fu_652_p3     |  select  |      0|  0|   2|           1|           1|
    |select_ln777_92_fu_790_p3     |  select  |      0|  0|   2|           1|           1|
    |select_ln777_93_fu_928_p3     |  select  |      0|  0|   2|           1|           1|
    |select_ln777_94_fu_1066_p3    |  select  |      0|  0|   2|           1|           1|
    |select_ln777_95_fu_1204_p3    |  select  |      0|  0|   2|           1|           1|
    |select_ln777_96_fu_1342_p3    |  select  |      0|  0|   2|           1|           1|
    |select_ln777_97_fu_1480_p3    |  select  |      0|  0|   2|           1|           1|
    |select_ln777_98_fu_1618_p3    |  select  |      0|  0|   2|           1|           1|
    |select_ln777_99_fu_1756_p3    |  select  |      0|  0|   2|           1|           1|
    |select_ln777_fu_376_p3        |  select  |      0|  0|   2|           1|           1|
    |xor_ln416_100_fu_1860_p2      |    xor   |      0|  0|   2|           1|           2|
    |xor_ln416_101_fu_1998_p2      |    xor   |      0|  0|   2|           1|           2|
    |xor_ln416_102_fu_2136_p2      |    xor   |      0|  0|   2|           1|           2|
    |xor_ln416_103_fu_2274_p2      |    xor   |      0|  0|   2|           1|           2|
    |xor_ln416_104_fu_2412_p2      |    xor   |      0|  0|   2|           1|           2|
    |xor_ln416_105_fu_2550_p2      |    xor   |      0|  0|   2|           1|           2|
    |xor_ln416_106_fu_2688_p2      |    xor   |      0|  0|   2|           1|           2|
    |xor_ln416_107_fu_2826_p2      |    xor   |      0|  0|   2|           1|           2|
    |xor_ln416_108_fu_2964_p2      |    xor   |      0|  0|   2|           1|           2|
    |xor_ln416_109_fu_3102_p2      |    xor   |      0|  0|   2|           1|           2|
    |xor_ln416_110_fu_3240_p2      |    xor   |      0|  0|   2|           1|           2|
    |xor_ln416_111_fu_3378_p2      |    xor   |      0|  0|   2|           1|           2|
    |xor_ln416_112_fu_3516_p2      |    xor   |      0|  0|   2|           1|           2|
    |xor_ln416_113_fu_3654_p2      |    xor   |      0|  0|   2|           1|           2|
    |xor_ln416_114_fu_3792_p2      |    xor   |      0|  0|   2|           1|           2|
    |xor_ln416_115_fu_3930_p2      |    xor   |      0|  0|   2|           1|           2|
    |xor_ln416_90_fu_480_p2        |    xor   |      0|  0|   2|           1|           2|
    |xor_ln416_91_fu_618_p2        |    xor   |      0|  0|   2|           1|           2|
    |xor_ln416_92_fu_756_p2        |    xor   |      0|  0|   2|           1|           2|
    |xor_ln416_93_fu_894_p2        |    xor   |      0|  0|   2|           1|           2|
    |xor_ln416_94_fu_1032_p2       |    xor   |      0|  0|   2|           1|           2|
    |xor_ln416_95_fu_1170_p2       |    xor   |      0|  0|   2|           1|           2|
    |xor_ln416_96_fu_1308_p2       |    xor   |      0|  0|   2|           1|           2|
    |xor_ln416_97_fu_1446_p2       |    xor   |      0|  0|   2|           1|           2|
    |xor_ln416_98_fu_1584_p2       |    xor   |      0|  0|   2|           1|           2|
    |xor_ln416_99_fu_1722_p2       |    xor   |      0|  0|   2|           1|           2|
    |xor_ln416_fu_342_p2           |    xor   |      0|  0|   2|           1|           2|
    +------------------------------+----------+-------+---+----+------------+------------+
    |Total                         |          |      0|  0|2322|        1323|         783|
    +------------------------------+----------+-------+---+----+------------+------------+

    * Multiplexer: 
    N/A

    * Register: 
    N/A



================================================================
== Interface
================================================================
* Summary: 
+----------------+-----+-----+------------+-------------------------------------------------------------------------+--------------+
|    RTL Ports   | Dir | Bits|  Protocol  |                              Source Object                              |    C Type    |
+----------------+-----+-----+------------+-------------------------------------------------------------------------+--------------+
|ap_ready        | out |    1| ap_ctrl_hs | relu<ap_fixed<18, 7, 5, 3, 0>, ap_ufixed<6, 0, 4, 0, 0>, relu_config10> | return value |
|ap_return_0     | out |    6| ap_ctrl_hs | relu<ap_fixed<18, 7, 5, 3, 0>, ap_ufixed<6, 0, 4, 0, 0>, relu_config10> | return value |
|ap_return_1     | out |    6| ap_ctrl_hs | relu<ap_fixed<18, 7, 5, 3, 0>, ap_ufixed<6, 0, 4, 0, 0>, relu_config10> | return value |
|ap_return_2     | out |    6| ap_ctrl_hs | relu<ap_fixed<18, 7, 5, 3, 0>, ap_ufixed<6, 0, 4, 0, 0>, relu_config10> | return value |
|ap_return_3     | out |    6| ap_ctrl_hs | relu<ap_fixed<18, 7, 5, 3, 0>, ap_ufixed<6, 0, 4, 0, 0>, relu_config10> | return value |
|ap_return_4     | out |    6| ap_ctrl_hs | relu<ap_fixed<18, 7, 5, 3, 0>, ap_ufixed<6, 0, 4, 0, 0>, relu_config10> | return value |
|ap_return_5     | out |    6| ap_ctrl_hs | relu<ap_fixed<18, 7, 5, 3, 0>, ap_ufixed<6, 0, 4, 0, 0>, relu_config10> | return value |
|ap_return_6     | out |    6| ap_ctrl_hs | relu<ap_fixed<18, 7, 5, 3, 0>, ap_ufixed<6, 0, 4, 0, 0>, relu_config10> | return value |
|ap_return_7     | out |    6| ap_ctrl_hs | relu<ap_fixed<18, 7, 5, 3, 0>, ap_ufixed<6, 0, 4, 0, 0>, relu_config10> | return value |
|ap_return_8     | out |    6| ap_ctrl_hs | relu<ap_fixed<18, 7, 5, 3, 0>, ap_ufixed<6, 0, 4, 0, 0>, relu_config10> | return value |
|ap_return_9     | out |    6| ap_ctrl_hs | relu<ap_fixed<18, 7, 5, 3, 0>, ap_ufixed<6, 0, 4, 0, 0>, relu_config10> | return value |
|ap_return_10    | out |    6| ap_ctrl_hs | relu<ap_fixed<18, 7, 5, 3, 0>, ap_ufixed<6, 0, 4, 0, 0>, relu_config10> | return value |
|ap_return_11    | out |    6| ap_ctrl_hs | relu<ap_fixed<18, 7, 5, 3, 0>, ap_ufixed<6, 0, 4, 0, 0>, relu_config10> | return value |
|ap_return_12    | out |    6| ap_ctrl_hs | relu<ap_fixed<18, 7, 5, 3, 0>, ap_ufixed<6, 0, 4, 0, 0>, relu_config10> | return value |
|ap_return_13    | out |    6| ap_ctrl_hs | relu<ap_fixed<18, 7, 5, 3, 0>, ap_ufixed<6, 0, 4, 0, 0>, relu_config10> | return value |
|ap_return_14    | out |    6| ap_ctrl_hs | relu<ap_fixed<18, 7, 5, 3, 0>, ap_ufixed<6, 0, 4, 0, 0>, relu_config10> | return value |
|ap_return_15    | out |    6| ap_ctrl_hs | relu<ap_fixed<18, 7, 5, 3, 0>, ap_ufixed<6, 0, 4, 0, 0>, relu_config10> | return value |
|ap_return_16    | out |    6| ap_ctrl_hs | relu<ap_fixed<18, 7, 5, 3, 0>, ap_ufixed<6, 0, 4, 0, 0>, relu_config10> | return value |
|ap_return_17    | out |    6| ap_ctrl_hs | relu<ap_fixed<18, 7, 5, 3, 0>, ap_ufixed<6, 0, 4, 0, 0>, relu_config10> | return value |
|ap_return_18    | out |    6| ap_ctrl_hs | relu<ap_fixed<18, 7, 5, 3, 0>, ap_ufixed<6, 0, 4, 0, 0>, relu_config10> | return value |
|ap_return_19    | out |    6| ap_ctrl_hs | relu<ap_fixed<18, 7, 5, 3, 0>, ap_ufixed<6, 0, 4, 0, 0>, relu_config10> | return value |
|ap_return_20    | out |    6| ap_ctrl_hs | relu<ap_fixed<18, 7, 5, 3, 0>, ap_ufixed<6, 0, 4, 0, 0>, relu_config10> | return value |
|ap_return_21    | out |    6| ap_ctrl_hs | relu<ap_fixed<18, 7, 5, 3, 0>, ap_ufixed<6, 0, 4, 0, 0>, relu_config10> | return value |
|ap_return_22    | out |    6| ap_ctrl_hs | relu<ap_fixed<18, 7, 5, 3, 0>, ap_ufixed<6, 0, 4, 0, 0>, relu_config10> | return value |
|ap_return_23    | out |    6| ap_ctrl_hs | relu<ap_fixed<18, 7, 5, 3, 0>, ap_ufixed<6, 0, 4, 0, 0>, relu_config10> | return value |
|ap_return_24    | out |    6| ap_ctrl_hs | relu<ap_fixed<18, 7, 5, 3, 0>, ap_ufixed<6, 0, 4, 0, 0>, relu_config10> | return value |
|ap_return_25    | out |    6| ap_ctrl_hs | relu<ap_fixed<18, 7, 5, 3, 0>, ap_ufixed<6, 0, 4, 0, 0>, relu_config10> | return value |
|ap_return_26    | out |    6| ap_ctrl_hs | relu<ap_fixed<18, 7, 5, 3, 0>, ap_ufixed<6, 0, 4, 0, 0>, relu_config10> | return value |
|data_0_V_read   |  in |   18|   ap_none  |                              data_0_V_read                              |    scalar    |
|data_1_V_read   |  in |   18|   ap_none  |                              data_1_V_read                              |    scalar    |
|data_3_V_read   |  in |   18|   ap_none  |                              data_3_V_read                              |    scalar    |
|data_4_V_read   |  in |   18|   ap_none  |                              data_4_V_read                              |    scalar    |
|data_5_V_read   |  in |   18|   ap_none  |                              data_5_V_read                              |    scalar    |
|data_6_V_read   |  in |   18|   ap_none  |                              data_6_V_read                              |    scalar    |
|data_7_V_read   |  in |   18|   ap_none  |                              data_7_V_read                              |    scalar    |
|data_8_V_read   |  in |   18|   ap_none  |                              data_8_V_read                              |    scalar    |
|data_9_V_read   |  in |   18|   ap_none  |                              data_9_V_read                              |    scalar    |
|data_10_V_read  |  in |   18|   ap_none  |                              data_10_V_read                             |    scalar    |
|data_11_V_read  |  in |   18|   ap_none  |                              data_11_V_read                             |    scalar    |
|data_12_V_read  |  in |   18|   ap_none  |                              data_12_V_read                             |    scalar    |
|data_14_V_read  |  in |   18|   ap_none  |                              data_14_V_read                             |    scalar    |
|data_15_V_read  |  in |   18|   ap_none  |                              data_15_V_read                             |    scalar    |
|data_16_V_read  |  in |   18|   ap_none  |                              data_16_V_read                             |    scalar    |
|data_17_V_read  |  in |   18|   ap_none  |                              data_17_V_read                             |    scalar    |
|data_18_V_read  |  in |   18|   ap_none  |                              data_18_V_read                             |    scalar    |
|data_19_V_read  |  in |   18|   ap_none  |                              data_19_V_read                             |    scalar    |
|data_20_V_read  |  in |   18|   ap_none  |                              data_20_V_read                             |    scalar    |
|data_21_V_read  |  in |   18|   ap_none  |                              data_21_V_read                             |    scalar    |
|data_23_V_read  |  in |   18|   ap_none  |                              data_23_V_read                             |    scalar    |
|data_24_V_read  |  in |   18|   ap_none  |                              data_24_V_read                             |    scalar    |
|data_25_V_read  |  in |   18|   ap_none  |                              data_25_V_read                             |    scalar    |
|data_26_V_read  |  in |   18|   ap_none  |                              data_26_V_read                             |    scalar    |
|data_29_V_read  |  in |   18|   ap_none  |                              data_29_V_read                             |    scalar    |
|data_30_V_read  |  in |   18|   ap_none  |                              data_30_V_read                             |    scalar    |
|data_31_V_read  |  in |   18|   ap_none  |                              data_31_V_read                             |    scalar    |
+----------------+-----+-----+------------+-------------------------------------------------------------------------+--------------+

